Archive member included because of file (symbol)

.\CortexM0\ARM_GCC_484\Debug\BLE Lab 2.03.a(cyfitter_cfg.o)
                              .\CortexM0\ARM_GCC_484\Debug\Cm0Start.o (cyfitter_cfg)
.\CortexM0\ARM_GCC_484\Debug\BLE Lab 2.03.a(BLE_1.o)
                              .\CortexM0\ARM_GCC_484\Debug\main.o (CyBle_Start)
.\CortexM0\ARM_GCC_484\Debug\BLE Lab 2.03.a(BLE_1_gatt.o)
                              .\CortexM0\ARM_GCC_484\Debug\BLE Lab 2.03.a(BLE_1.o) (cyBle_state)
.\CortexM0\ARM_GCC_484\Debug\BLE Lab 2.03.a(BLE_1_ias.o)
                              .\CortexM0\ARM_GCC_484\Debug\BLE Lab 2.03.a(BLE_1.o) (CyBle_IasInit)
.\CortexM0\ARM_GCC_484\Debug\BLE Lab 2.03.a(BLE_1_eventHandler.o)
                              .\CortexM0\ARM_GCC_484\Debug\BLE Lab 2.03.a(BLE_1.o) (cyBle_eventHandlerFlag)
.\CortexM0\ARM_GCC_484\Debug\BLE Lab 2.03.a(CyLib.o)
                              .\CortexM0\ARM_GCC_484\Debug\BLE Lab 2.03.a(cyfitter_cfg.o) (CyDelayUs)
.\CortexM0\ARM_GCC_484\Debug\BLE Lab 2.03.a(PWM.o)
                              .\CortexM0\ARM_GCC_484\Debug\main.o (PWM_WriteCompare)
.\CortexM0\ARM_GCC_484\Debug\BLE Lab 2.03.a(CyBootAsmGnu.o)
                              .\CortexM0\ARM_GCC_484\Debug\BLE Lab 2.03.a(CyLib.o) (CyDelayCycles)
C:\Program Files (x86)\Cypress\PSoC Creator\3.1\PSoC Creator\psoc\content\cycomponentlibrary\CyComponentLibrary.cylib\BLE_v1_20\Library\gccCyBLEStack_BLE_SOC_PERIPHERAL.a(CyBle.o)
                              .\CortexM0\ARM_GCC_484\Debug\main.o (CyBle_ProcessEvents)
C:\Program Files (x86)\Cypress\PSoC Creator\3.1\PSoC Creator\psoc\content\cycomponentlibrary\CyComponentLibrary.cylib\BLE_v1_20\Library\gccCyBLEStack_BLE_SOC_PERIPHERAL.a(CyBleStackMgrIP_Interface.o)
                              C:\Program Files (x86)\Cypress\PSoC Creator\3.1\PSoC Creator\psoc\content\cycomponentlibrary\CyComponentLibrary.cylib\BLE_v1_20\Library\gccCyBLEStack_BLE_SOC_PERIPHERAL.a(CyBle.o) (CyBleStackMgr_BleGetConfigData)
C:\Program Files (x86)\Cypress\PSoC Creator\3.1\PSoC Creator\psoc\content\cycomponentlibrary\CyComponentLibrary.cylib\BLE_v1_20\Library\gccCyBLEStack_BLE_SOC_PERIPHERAL.a(BT_os.o)
                              C:\Program Files (x86)\Cypress\PSoC Creator\3.1\PSoC Creator\psoc\content\cycomponentlibrary\CyComponentLibrary.cylib\BLE_v1_20\Library\gccCyBLEStack_BLE_SOC_PERIPHERAL.a(CyBleStackMgrIP_Interface.o) (bt_stack_init_os)
C:\Program Files (x86)\Cypress\PSoC Creator\3.1\PSoC Creator\psoc\content\cycomponentlibrary\CyComponentLibrary.cylib\BLE_v1_20\Library\gccCyBLEStack_BLE_SOC_PERIPHERAL.a(CyBleStackMgr_StackTaskHandler.o)
                              C:\Program Files (x86)\Cypress\PSoC Creator\3.1\PSoC Creator\psoc\content\cycomponentlibrary\CyComponentLibrary.cylib\BLE_v1_20\Library\gccCyBLEStack_BLE_SOC_PERIPHERAL.a(CyBleStackMgrIP_Interface.o) (CyBle_CreateBleStackTask)
C:\Program Files (x86)\Cypress\PSoC Creator\3.1\PSoC Creator\psoc\content\cycomponentlibrary\CyComponentLibrary.cylib\BLE_v1_20\Library\gccCyBLEStack_BLE_SOC_PERIPHERAL.a(transport_sf.o)
                              C:\Program Files (x86)\Cypress\PSoC Creator\3.1\PSoC Creator\psoc\content\cycomponentlibrary\CyComponentLibrary.cylib\BLE_v1_20\Library\gccCyBLEStack_BLE_SOC_PERIPHERAL.a(CyBleStackMgr_StackTaskHandler.o) (hci_soft_transport_notify_data_received)
C:\Program Files (x86)\Cypress\PSoC Creator\3.1\PSoC Creator\psoc\content\cycomponentlibrary\CyComponentLibrary.cylib\BLE_v1_20\Library\gccCyBLEStack_BLE_SOC_PERIPHERAL.a(CyBleStackMgr_PSoCHal.o)
                              C:\Program Files (x86)\Cypress\PSoC Creator\3.1\PSoC Creator\psoc\content\cycomponentlibrary\CyComponentLibrary.cylib\BLE_v1_20\Library\gccCyBLEStack_BLE_SOC_PERIPHERAL.a(CyBleStackMgrIP_Interface.o) (CyBleStackMgr_HalInit)
C:\Program Files (x86)\Cypress\PSoC Creator\3.1\PSoC Creator\psoc\content\cycomponentlibrary\CyComponentLibrary.cylib\BLE_v1_20\Library\gccCyBLEStack_BLE_SOC_PERIPHERAL.a(CyBleStackMgr_BleSSDriver.o)
                              C:\Program Files (x86)\Cypress\PSoC Creator\3.1\PSoC Creator\psoc\content\cycomponentlibrary\CyComponentLibrary.cylib\BLE_v1_20\Library\gccCyBLEStack_BLE_SOC_PERIPHERAL.a(CyBleStackMgrIP_Interface.o) (CyBleStackMgr_BleSSInit)
C:\Program Files (x86)\Cypress\PSoC Creator\3.1\PSoC Creator\psoc\content\cycomponentlibrary\CyComponentLibrary.cylib\BLE_v1_20\Library\gccCyBLEStack_BLE_SOC_PERIPHERAL.a(config_bin.o)
                              C:\Program Files (x86)\Cypress\PSoC Creator\3.1\PSoC Creator\psoc\content\cycomponentlibrary\CyComponentLibrary.cylib\BLE_v1_20\Library\gccCyBLEStack_BLE_SOC_PERIPHERAL.a(CyBleStackMgr_PSoCHal.o) (bt_cfg_pdata)
C:\Program Files (x86)\Cypress\PSoC Creator\3.1\PSoC Creator\psoc\content\cycomponentlibrary\CyComponentLibrary.cylib\BLE_v1_20\Library\gccCyBLEStack_BLE_SOC_PERIPHERAL.a(mint_os.o)
[...]
Memory Configuration

Name             Origin             Length             Attributes
rom              0x00000000         0x00020000         xr
ram              0x20000000         0x00004000         xrw
*default*        0x00000000         0xffffffff

Linker script and memory map

LOAD c:/program files (x86)/cypress/psoc creator/3.1/psoc creator/import/gnu_cs/arm/4.8.4/bin/../lib/gcc/arm-none-eabi/4.8.4/armv6-m/crti.o
LOAD c:/program files (x86)/cypress/psoc creator/3.1/psoc creator/import/gnu_cs/arm/4.8.4/bin/../lib/gcc/arm-none-eabi/4.8.4/armv6-m/crtbegin.o
LOAD c:/program files (x86)/cypress/psoc creator/3.1/psoc creator/import/gnu_cs/arm/4.8.4/bin/../lib/gcc/arm-none-eabi/4.8.4/../../../../arm-none-eabi/lib/armv6-m/crt0.o
START GROUP
LOAD .\CortexM0\ARM_GCC_484\Debug\main.o
LOAD .\CortexM0\ARM_GCC_484\Debug\cymetadata.o
LOAD .\CortexM0\ARM_GCC_484\Debug\Cm0Start.o
LOAD .\CortexM0\ARM_GCC_484\Debug\BLE Lab 2.03.a
LOAD C:\Program Files (x86)\Cypress\PSoC Creator\3.1\PSoC Creator\psoc\content\cycomponentlibrary\CyComponentLibrary.cylib\BLE_v1_20\Library\gccCyBLEStack_BLE_SOC_PERIPHERAL.a
LOAD C:\Program Files (x86)\Cypress\PSoC Creator\3.1\PSoC Creator\psoc\content\cycomponentlibrary\CyComponentLibrary.cylib\CortexM0\ARM_GCC_484\Debug\CyComponentLibrary.a
END GROUP
START GROUP
LOAD c:/program files (x86)/cypress/psoc creator/3.1/psoc creator/import/gnu_cs/arm/4.8.4/bin/../lib/gcc/arm-none-eabi/4.8.4/armv6-m\libgcc.a
LOAD c:/program files (x86)/cypress/psoc creator/3.1/psoc creator/import/gnu_cs/arm/4.8.4/bin/../lib/gcc/arm-none-eabi/4.8.4/../../../../arm-none-eabi/lib/armv6-m\libg_s.a
LOAD c:/program files (x86)/cypress/psoc creator/3.1/psoc creator/import/gnu_cs/arm/4.8.4/bin/../lib/gcc/arm-none-eabi/4.8.4/../../../../arm-none-eabi/lib/armv6-m\libc_s.a
END GROUP
START GROUP
LOAD c:/program files (x86)/cypress/psoc creator/3.1/psoc creator/import/gnu_cs/arm/4.8.4/bin/../lib/gcc/arm-none-eabi/4.8.4/armv6-m\libgcc.a
LOAD c:/program files (x86)/cypress/psoc creator/3.1/psoc creator/import/gnu_cs/arm/4.8.4/bin/../lib/gcc/arm-none-eabi/4.8.4/../../../../arm-none-eabi/lib/armv6-m\libc_s.a
END GROUP
LOAD c:/program files (x86)/cypress/psoc creator/3.1/psoc creator/import/gnu_cs/arm/4.8.4/bin/../lib/gcc/arm-none-eabi/4.8.4/armv6-m/crtend.o
LOAD c:/program files (x86)/cypress/psoc creator/3.1/psoc creator/import/gnu_cs/arm/4.8.4/bin/../lib/gcc/arm-none-eabi/4.8.4/armv6-m/crtn.o
START GROUP
LOAD c:/program files (x86)/cypress/psoc creator/3.1/psoc creator/import/gnu_cs/arm/4.8.4/bin/../lib/gcc/arm-none-eabi/4.8.4/armv6-m\libgcc.a
LOAD c:/program files (x86)/cypress/psoc creator/3.1/psoc creator/import/gnu_cs/arm/4.8.4/bin/../lib/gcc/arm-none-eabi/4.8.4/../../../../arm-none-eabi/lib/armv6-m\libc.a
LOAD c:/program files (x86)/cypress/psoc creator/3.1/psoc creator/import/gnu_cs/arm/4.8.4/bin/../lib/gcc/arm-none-eabi/4.8.4/../../../../arm-none-eabi/lib/armv6-m\libnosys.a
END GROUP
                0x00000000                CY_APPL_ORIGIN = 0x0
                0x00000080                CY_FLASH_ROW_SIZE = 0x80
                0x00000001                CY_APPL_NUM = 0x1
                0x00000040                CY_METADATA_SIZE = 0x40
                0x200024b0                PROVIDE (__cy_heap_start, _end)
                0x00000001                PROVIDE (__cy_region_num, ((__cy_regions_end - __cy_regions) / 0x10))
                0x20004000                PROVIDE (__cy_stack, (ORIGIN (ram) + 0x4000))
                0x20003800                PROVIDE (__cy_heap_end, (__cy_stack - 0x800))

.cybootloader   0x00000000        0x0
 *(.cybootloader)
                0x00000000                appl1_start = CY_APPL_ORIGIN?CY_APPL_ORIGIN:ALIGN (CY_FLASH_ROW_SIZE)
                0x0000ff80                appl2_start = (appl1_start + ALIGN ((((0x20000 - appl1_start) - (0x2 * CY_FLASH_ROW_SIZE)) / 0x2), CY_FLASH_ROW_SIZE))
                0x00000000                appl_start = (CY_APPL_NUM == 0x1)?appl1_start:appl2_start

.text           0x00000000     0x14c0
 CREATE_OBJECT_SYMBOLS
                0x00000000                PROVIDE (__cy_interrupt_vector, RomVectors)
 *(.romvectors)
 .romvectors    0x00000000       0x10 .\CortexM0\ARM_GCC_484\Debug\Cm0Start.o
                0x00000000                RomVectors
                0x00000001                ASSERT ((. != __cy_interrupt_vector), No interrupt vector)
                0x00000001                ASSERT (CY_APPL_ORIGIN?(SIZEOF (.cybootloader) <= CY_APPL_ORIGIN):0x1, Wrong image location)
                0x00000010                PROVIDE (__cy_reset, Reset)
 *(.text.Reset)
 .text.Reset    0x00000010        0x8 .\CortexM0\ARM_GCC_484\Debug\Cm0Start.o
                0x00000010                Reset
                0x00000001                ASSERT ((. != __cy_reset), No reset code)
 *(.psocinit)
 .psocinit      0x00000018      0x2ac .\CortexM0\ARM_GCC_484\Debug\BLE Lab 2.03.a(cyfitter_cfg.o)
                0x00000198                cyfitter_cfg
                0x000002c4                . = MAX (., 0x100)
 *(.text .text.* .gnu.linkonce.t.*)
 .text          0x000002c4       0x60 c:/program files (x86)/cypress/psoc creator/3.1/psoc creator/import/gnu_cs/arm/4.8.4/bin/../lib/gcc/arm-none-eabi/4.8.4/armv6-m/crtbegin.o
 .text.main     0x00000324       0x28 .\CortexM0\ARM_GCC_484\Debug\main.o
                0x00000324                main
 .text.StackEventHandler
                0x0000034c       0x24 .\CortexM0\ARM_GCC_484\Debug\main.o
                0x0000034c                StackEventHandler
 .text.IasEventHandler
                0x00000370       0x34 .\CortexM0\ARM_GCC_484\Debug\main.o
                0x00000370                IasEventHandler
 .text.HandleAlertLEDs
                0x000003a4       0x40 .\CortexM0\ARM_GCC_484\Debug\main.o
                0x000003a4                HandleAlertLEDs
 .text.IntDefaultHandler
                0x000003e4        0x8 .\CortexM0\ARM_GCC_484\Debug\Cm0Start.o
                0x000003e4                IntDefaultHandler
 .text.Start_c  0x000003ec       0x98 .\CortexM0\ARM_GCC_484\Debug\Cm0Start.o
                0x000003ec                Start_c
 .text.initialize_psoc
                0x00000484       0x70 .\CortexM0\ARM_GCC_484\Debug\Cm0Start.o
                0x00000484                initialize_psoc
 .text.CYMEMZERO
                0x000004f4       0x20 .\CortexM0\ARM_GCC_484\Debug\BLE Lab 2.03.a(cyfitter_cfg.o)
 .text.cfg_write_bytes32
                0x00000514       0x80 .\CortexM0\ARM_GCC_484\Debug\BLE Lab 2.03.a(cyfitter_cfg.o)
 .text.AnalogSetDefault
                0x00000594       0x28 .\CortexM0\ARM_GCC_484\Debug\BLE Lab 2.03.a(cyfitter_cfg.o)
 .text.CyBle_Init
                0x000005bc       0x2c .\CortexM0\ARM_GCC_484\Debug\BLE Lab 2.03.a(BLE_1.o)
                0x000005bc                CyBle_Init
 .text.CyBle_ServiceInit
                0x000005e8        0xc .\CortexM0\ARM_GCC_484\Debug\BLE Lab 2.03.a(BLE_1.o)
                0x000005e8                CyBle_ServiceInit
 .text.CyBle_Start
                0x000005f4       0x90 .\CortexM0\ARM_GCC_484\Debug\BLE Lab 2.03.a(BLE_1.o)
                0x000005f4                CyBle_Start
 .text.CyBle_GappStartAdvertisement
                0x00000684       0xc4 .\CortexM0\ARM_GCC_484\Debug\BLE Lab 2.03.a(BLE_1.o)
                0x00000684                CyBle_GappStartAdvertisement
 .text.CyBle_ChangeAdDeviceAddress
                0x00000748       0x60 .\CortexM0\ARM_GCC_484\Debug\BLE Lab 2.03.a(BLE_1.o)
                0x00000748                CyBle_ChangeAdDeviceAddress
 .text.CyBle_Get16ByPtr
                0x000007a8       0x24 .\CortexM0\ARM_GCC_484\Debug\BLE Lab 2.03.a(BLE_1.o)
                0x000007a8                CyBle_Get16ByPtr
 .text.CyBle_GattsWriteEventHandler
                0x000007cc       0xa0 .\CortexM0\ARM_GCC_484\Debug\BLE Lab 2.03.a(BLE_1_gatt.o)
                0x000007cc                CyBle_GattsWriteEventHandler
 .text.CyBle_IasInit
                0x0000086c        0x8 .\CortexM0\ARM_GCC_484\Debug\BLE Lab 2.03.a(BLE_1_ias.o)
                0x0000086c                CyBle_IasInit
 .text.CyBle_IasRegisterAttrCallback
                0x00000874       0x18 .\CortexM0\ARM_GCC_484\Debug\BLE Lab 2.03.a(BLE_1_ias.o)
                0x00000874                CyBle_IasRegisterAttrCallback
 .text.CyBle_IassDisconnectEventHandler
                0x0000088c       0x38 .\CortexM0\ARM_GCC_484\Debug\BLE Lab 2.03.a(BLE_1_ias.o)
                0x0000088c                CyBle_IassDisconnectEventHandler
 .text.CyBle_IassWriteCmdEventHandler
                0x000008c4       0x90 .\CortexM0\ARM_GCC_484\Debug\BLE Lab 2.03.a(BLE_1_ias.o)
                0x000008c4                CyBle_IassWriteCmdEventHandler
 .text.CyBle_IassGetCharacteristicValue
                0x00000954       0x78 .\CortexM0\ARM_GCC_484\Debug\BLE Lab 2.03.a(BLE_1_ias.o)
                0x00000954                CyBle_IassGetCharacteristicValue
 .text.CyBle_WriteReqHandler
                0x000009cc       0x70 .\CortexM0\ARM_GCC_484\Debug\BLE Lab 2.03.a(BLE_1_eventHandler.o)
 .text.CyBle_ValueConfirmation
                0x00000a3c       0x10 .\CortexM0\ARM_GCC_484\Debug\BLE Lab 2.03.a(BLE_1_eventHandler.o)
 .text.CyBle_GattDisconnectEventHandler
                0x00000a4c       0x1c .\CortexM0\ARM_GCC_484\Debug\BLE Lab 2.03.a(BLE_1_eventHandler.o)
 .text.CyBle_TimeOutEventHandler
                0x00000a68       0x10 .\CortexM0\ARM_GCC_484\Debug\BLE Lab 2.03.a(BLE_1_eventHandler.o)
 .text.CyBle_GattConnectReqHandler
                0x00000a78        0x8 .\CortexM0\ARM_GCC_484\Debug\BLE Lab 2.03.a(BLE_1_eventHandler.o)
 .text.CyBle_IsDeviceAddressValid
                0x00000a80       0x60 .\CortexM0\ARM_GCC_484\Debug\BLE Lab 2.03.a(BLE_1_eventHandler.o)
 .text.CyBle_L2Cap_ConnParamUpdateRspEventHandler
                0x00000ae0       0x14 .\CortexM0\ARM_GCC_484\Debug\BLE Lab 2.03.a(BLE_1_eventHandler.o)
 .text.CyBle_GapConnUpdateCompleteEventHandler
                0x00000af4       0x10 .\CortexM0\ARM_GCC_484\Debug\BLE Lab 2.03.a(BLE_1_eventHandler.o)
 .text.CyBle_EventHandler
                0x00000b04      0x2d4 .\CortexM0\ARM_GCC_484\Debug\BLE Lab 2.03.a(BLE_1_eventHandler.o)
                0x00000b04                CyBle_EventHandler
 .text.CySysClkWcoSetHighPowerMode
                0x00000dd8       0x3c .\CortexM0\ARM_GCC_484\Debug\BLE Lab 2.03.a(CyLib.o)
 .text.CySysClkWcoSetLowPowerMode
                0x00000e14       0x48 .\CortexM0\ARM_GCC_484\Debug\BLE Lab 2.03.a(CyLib.o)
 .text.CySysClkEcoStart
                0x00000e5c       0x74 .\CortexM0\ARM_GCC_484\Debug\BLE Lab 2.03.a(CyLib.o)
                0x00000e5c                CySysClkEcoStart
 .text.CySysClkEcoReadStatus
                0x00000ed0       0x18 .\CortexM0\ARM_GCC_484\Debug\BLE Lab 2.03.a(CyLib.o)
                0x00000ed0                CySysClkEcoReadStatus
 .text.CySysClkWcoStart
                0x00000ee8       0x20 .\CortexM0\ARM_GCC_484\Debug\BLE Lab 2.03.a(CyLib.o)
                0x00000ee8                CySysClkWcoStart
 .text.CySysClkWcoSetPowerMode
                0x00000f08       0x40 .\CortexM0\ARM_GCC_484\Debug\BLE Lab 2.03.a(CyLib.o)
                0x00000f08                CySysClkWcoSetPowerMode
 .text.CyHalt   0x00000f48       0x14 .\CortexM0\ARM_GCC_484\Debug\BLE Lab 2.03.a(CyLib.o)
                0x00000f48                CyHalt
 .text.CyDelay  0x00000f5c       0x48 .\CortexM0\ARM_GCC_484\Debug\BLE Lab 2.03.a(CyLib.o)
                0x00000f5c                CyDelay
 .text.CyDelayUs
                0x00000fa4       0x28 .\CortexM0\ARM_GCC_484\Debug\BLE Lab 2.03.a(CyLib.o)
                0x00000fa4                CyDelayUs
 .text.PWM_Init
                0x00000fcc       0x50 .\CortexM0\ARM_GCC_484\Debug\BLE Lab 2.03.a(PWM.o)
                0x00000fcc                PWM_Init
 .text.PWM_Enable
                0x0000101c       0x38 .\CortexM0\ARM_GCC_484\Debug\BLE Lab 2.03.a(PWM.o)
                0x0000101c                PWM_Enable
 .text.PWM_Start
                0x00001054       0x24 .\CortexM0\ARM_GCC_484\Debug\BLE Lab 2.03.a(PWM.o)
                0x00001054                PWM_Start
 .text.PWM_WriteCounter
                0x00001078       0x1c .\CortexM0\ARM_GCC_484\Debug\BLE Lab 2.03.a(PWM.o)
                0x00001078                PWM_WriteCounter
 .text.PWM_WritePeriod
                0x00001094       0x1c .\CortexM0\ARM_GCC_484\Debug\BLE Lab 2.03.a(PWM.o)
                0x00001094                PWM_WritePeriod
 .text.PWM_WriteCompare
                0x000010b0       0x1c .\CortexM0\ARM_GCC_484\Debug\BLE Lab 2.03.a(PWM.o)
                0x000010b0                PWM_WriteCompare
 .text.PWM_TriggerCommand
                0x000010cc       0x3c .\CortexM0\ARM_GCC_484\Debug\BLE Lab 2.03.a(PWM.o)
                0x000010cc                PWM_TriggerCommand
 .text.PWM_SetInterruptMode
                0x00001108       0x18 .\CortexM0\ARM_GCC_484\Debug\BLE Lab 2.03.a(PWM.o)
                0x00001108                PWM_SetInterruptMode
 .text          0x00001120       0x20 .\CortexM0\ARM_GCC_484\Debug\BLE Lab 2.03.a(CyBootAsmGnu.o)
                0x00001120                CyDelayCycles
                0x00001132                CyEnterCriticalSection
                0x0000113a                CyExitCriticalSection
 .text.CyBLE_Bless_LlRegWrite
                0x00001140       0x1c .\CortexM0\ARM_GCC_484\Debug\BLE Lab 2.03.a(BLE_1_HAL_PVT.o)
                0x00001140                CyBLE_Bless_LlRegWrite
 .text.CyBLE_Bless_RfRegWrite
                0x0000115c       0x1c .\CortexM0\ARM_GCC_484\Debug\BLE Lab 2.03.a(BLE_1_HAL_PVT.o)
                0x0000115c                CyBLE_Bless_RfRegWrite
 .text.CyBleHal_DelayUs
                0x00001178       0x1c .\CortexM0\ARM_GCC_484\Debug\BLE Lab 2.03.a(BLE_1_HAL_PVT.o)
                0x00001178                CyBleHal_DelayUs
 .text.CyBleHal_EnableGlobalInterrupts
                0x00001194        0xc .\CortexM0\ARM_GCC_484\Debug\BLE Lab 2.03.a(BLE_1_HAL_PVT.o)
                0x00001194                CyBleHal_EnableGlobalInterrupts
 .text.CyBleHal_DisableGlobalInterrupts
                0x000011a0        0xc .\CortexM0\ARM_GCC_484\Debug\BLE Lab 2.03.a(BLE_1_HAL_PVT.o)
                0x000011a0                CyBleHal_DisableGlobalInterrupts
 .text.CyBle_HalInit
                0x000011ac       0x20 .\CortexM0\ARM_GCC_484\Debug\BLE Lab 2.03.a(BLE_1_HAL_PVT.o)
                0x000011ac                CyBle_HalInit
 .text.CYBLE_BlessStart
                0x000011cc       0x14 .\CortexM0\ARM_GCC_484\Debug\BLE Lab 2.03.a(BLE_1_HAL_PVT.o)
                0x000011cc                CYBLE_BlessStart
 .text.BLE_1_bless_isr_StartEx
                0x000011e0       0x24 .\CortexM0\ARM_GCC_484\Debug\BLE Lab 2.03.a(BLE_1_bless_isr.o)
                0x000011e0                BLE_1_bless_isr_StartEx
 .text.BLE_1_bless_isr_SetVector
                0x00001204       0x18 .\CortexM0\ARM_GCC_484\Debug\BLE Lab 2.03.a(BLE_1_bless_isr.o)
                0x00001204                BLE_1_bless_isr_SetVector
 .text.BLE_1_bless_isr_SetPriority
                0x0000121c       0x50 .\CortexM0\ARM_GCC_484\Debug\BLE Lab 2.03.a(BLE_1_bless_isr.o)
                0x0000121c                BLE_1_bless_isr_SetPriority
 .text.BLE_1_bless_isr_Enable
                0x0000126c       0x14 .\CortexM0\ARM_GCC_484\Debug\BLE Lab 2.03.a(BLE_1_bless_isr.o)
                0x0000126c                BLE_1_bless_isr_Enable
 .text.BLE_1_bless_isr_Disable
                0x00001280       0x14 .\CortexM0\ARM_GCC_484\Debug\BLE Lab 2.03.a(BLE_1_bless_isr.o)
                0x00001280                BLE_1_bless_isr_Disable
 .text.CySysPmSleep
                0x00001294       0x34 .\CortexM0\ARM_GCC_484\Debug\BLE Lab 2.03.a(cyPm.o)
                0x00001294                CySysPmSleep
 .text.CyBLE_Bless_Interrupt
                0x000012c8        0xc .\CortexM0\ARM_GCC_484\Debug\BLE Lab 2.03.a(BLE_1_HAL_INT.o)
                0x000012c8                CyBLE_Bless_Interrupt
 .text          0x000012d4       0x9c c:/program files (x86)/cypress/psoc creator/3.1/psoc creator/import/gnu_cs/arm/4.8.4/bin/../lib/gcc/arm-none-eabi/4.8.4/armv6-m\libgcc.a(_udivsi3.o)
                0x000012d4                __aeabi_uidiv
                0x000012d4                __udivsi3
                0x0000135c                __aeabi_uidivmod
 .text          0x00001370       0xc0 c:/program files (x86)/cypress/psoc creator/3.1/psoc creator/import/gnu_cs/arm/4.8.4/bin/../lib/gcc/arm-none-eabi/4.8.4/armv6-m\libgcc.a(_divsi3.o)
                0x00001370                __divsi3
                0x00001370                __aeabi_idiv
                0x0000141c                __aeabi_idivmod
 .text          0x00001430        0x4 c:/program files (x86)/cypress/psoc creator/3.1/psoc creator/import/gnu_cs/arm/4.8.4/bin/../lib/gcc/arm-none-eabi/4.8.4/armv6-m\libgcc.a(_dvmd_tls.o)
                0x00001430                __aeabi_idiv0
                0x00001430                __aeabi_ldiv0
 .text.__libc_init_array
                0x00001434       0x4c c:/program files (x86)/cypress/psoc creator/3.1/psoc creator/import/gnu_cs/arm/4.8.4/bin/../lib/gcc/arm-none-eabi/4.8.4/../../../../arm-none-eabi/lib/armv6-m\libg_s.a(lib_a-init.o)
                0x00001434                __libc_init_array
 .text.memcmp   0x00001480       0x1e c:/program files (x86)/cypress/psoc creator/3.1/psoc creator/import/gnu_cs/arm/4.8.4/bin/../lib/gcc/arm-none-eabi/4.8.4/../../../../arm-none-eabi/lib/armv6-m\libg_s.a(lib_a-memcmp.o)
                0x00001480                memcmp
 .text.memcpy   0x0000149e       0x12 c:/program files (x86)/cypress/psoc creator/3.1/psoc creator/import/gnu_cs/arm/4.8.4/bin/../lib/gcc/arm-none-eabi/4.8.4/../../../../arm-none-eabi/lib/armv6-m\libg_s.a(lib_a-memcpy-stub.o)
                0x0000149e                memcpy
 .text.memset   0x000014b0       0x10 c:/program files (x86)/cypress/psoc creator/3.1/psoc creator/import/gnu_cs/arm/4.8.4/bin/../lib/gcc/arm-none-eabi/4.8.4/../../../../arm-none-eabi/lib/armv6-m\libg_s.a(lib_a-memset.o)
                0x000014b0                memset
 *(.plt)
 *(.gnu.warning)
 *(.glue_7t)
 .glue_7t       0x00000000        0x0 linker stubs
 *(.glue_7)
 .glue_7        0x00000000        0x0 linker stubs
 *(.vfp11_veneer)
 .vfp11_veneer  0x00000000        0x0 linker stubs
 *(.bootloader)
 *(.ARM.extab* .gnu.linkonce.armextab.*)
 *(.gcc_except_table)

.v4_bx          0x000014c0        0x0
 .v4_bx         0x00000000        0x0 linker stubs

.iplt           0x000014c0        0x0
 .iplt          0x00000000        0x0 c:/program files (x86)/cypress/psoc creator/3.1/psoc creator/import/gnu_cs/arm/4.8.4/bin/../lib/gcc/arm-none-eabi/4.8.4/armv6-m/crtbegin.o

i.CyBle_ExitLPM
                0x000014c0        0x8
 i.CyBle_ExitLPM
                0x000014c0        0x8 C:\Program Files (x86)\Cypress\PSoC Creator\3.1\PSoC Creator\psoc\content\cycomponentlibrary\CyComponentLibrary.cylib\BLE_v1_20\Library\gccCyBLEStack_BLE_SOC_PERIPHERAL.a(CyBle.o)
                0x000014c0                CyBle_ExitLPM

i.CyBle_ProcessEvents
                0x000014c8        0x8
 i.CyBle_ProcessEvents
                0x000014c8        0x8 C:\Program Files (x86)\Cypress\PSoC Creator\3.1\PSoC Creator\psoc\content\cycomponentlibrary\CyComponentLibrary.cylib\BLE_v1_20\Library\gccCyBLEStack_BLE_SOC_PERIPHERAL.a(CyBle.o)
                0x000014c8                CyBle_ProcessEvents

i.CyBle_SetDeviceAddress
                0x000014d0       0x24
 i.CyBle_SetDeviceAddress
                0x000014d0       0x24 C:\Program Files (x86)\Cypress\PSoC Creator\3.1\PSoC Creator\psoc\content\cycomponentlibrary\CyComponentLibrary.cylib\BLE_v1_20\Library\gccCyBLEStack_BLE_SOC_PERIPHERAL.a(CyBle.o)
                0x000014d0                CyBle_SetDeviceAddress

i.CyBle_StackInit
                0x000014f4       0x84
 i.CyBle_StackInit
                0x000014f4       0x84 C:\Program Files (x86)\Cypress\PSoC Creator\3.1\PSoC Creator\psoc\content\cycomponentlibrary\CyComponentLibrary.cylib\BLE_v1_20\Library\gccCyBLEStack_BLE_SOC_PERIPHERAL.a(CyBle.o)
                0x000014f4                CyBle_StackInit

i.CyBleStackMgr_BleGetConfigData
                0x00001578        0x4
 i.CyBleStackMgr_BleGetConfigData
                0x00001578        0x4 C:\Program Files (x86)\Cypress\PSoC Creator\3.1\PSoC Creator\psoc\content\cycomponentlibrary\CyComponentLibrary.cylib\BLE_v1_20\Library\gccCyBLEStack_BLE_SOC_PERIPHERAL.a(CyBleStackMgrIP_Interface.o)
                0x00001578                CyBleStackMgr_BleGetConfigData

i.CyBleStackMgr_BleSetConfigData
                0x0000157c        0x4
 i.CyBleStackMgr_BleSetConfigData
                0x0000157c        0x4 C:\Program Files (x86)\Cypress\PSoC Creator\3.1\PSoC Creator\psoc\content\cycomponentlibrary\CyComponentLibrary.cylib\BLE_v1_20\Library\gccCyBLEStack_BLE_SOC_PERIPHERAL.a(CyBleStackMgrIP_Interface.o)
                0x0000157c                CyBleStackMgr_BleSetConfigData

i.CyBleStackMgr_Init
                0x00001580      0x104
 i.CyBleStackMgr_Init
                0x00001580      0x104 C:\Program Files (x86)\Cypress\PSoC Creator\3.1\PSoC Creator\psoc\content\cycomponentlibrary\CyComponentLibrary.cylib\BLE_v1_20\Library\gccCyBLEStack_BLE_SOC_PERIPHERAL.a(CyBleStackMgrIP_Interface.o)
                0x00001580                CyBleStackMgr_Init

i.CyBleStackMgr_ProcessBleEvents
                0x00001684       0x14
 i.CyBleStackMgr_ProcessBleEvents
                0x00001684       0x14 C:\Program Files (x86)\Cypress\PSoC Creator\3.1\PSoC Creator\psoc\content\cycomponentlibrary\CyComponentLibrary.cylib\BLE_v1_20\Library\gccCyBLEStack_BLE_SOC_PERIPHERAL.a(CyBleStackMgrIP_Interface.o)
                0x00001684                CyBleStackMgr_ProcessBleEvents

i.ble_stack_idle_task_callback
                0x00001698        0x2
 i.ble_stack_idle_task_callback
                0x00001698        0x2 C:\Program Files (x86)\Cypress\PSoC Creator\3.1\PSoC Creator\psoc\content\cycomponentlibrary\CyComponentLibrary.cylib\BLE_v1_20\Library\gccCyBLEStack_BLE_SOC_PERIPHERAL.a(CyBleStackMgrIP_Interface.o)
                0x00001698                ble_stack_idle_task_callback

i.BT_OSFreeBuf  0x0000169c       0x18
 i.BT_OSFreeBuf
                0x0000169c       0x18 C:\Program Files (x86)\Cypress\PSoC Creator\3.1\PSoC Creator\psoc\content\cycomponentlibrary\CyComponentLibrary.cylib\BLE_v1_20\Library\gccCyBLEStack_BLE_SOC_PERIPHERAL.a(BT_os.o)
                0x0000169c                BT_OSFreeBuf

i.BT_OSGetBuF   0x000016b4       0x1c
 i.BT_OSGetBuF  0x000016b4       0x1c C:\Program Files (x86)\Cypress\PSoC Creator\3.1\PSoC Creator\psoc\content\cycomponentlibrary\CyComponentLibrary.cylib\BLE_v1_20\Library\gccCyBLEStack_BLE_SOC_PERIPHERAL.a(BT_os.o)
                0x000016b4                BT_OSGetBuF

i.BT_OSMemCreate
                0x000016d0       0x1c
 i.BT_OSMemCreate
                0x000016d0       0x1c C:\Program Files (x86)\Cypress\PSoC Creator\3.1\PSoC Creator\psoc\content\cycomponentlibrary\CyComponentLibrary.cylib\BLE_v1_20\Library\gccCyBLEStack_BLE_SOC_PERIPHERAL.a(BT_os.o)
                0x000016d0                BT_OSMemCreate

i.BT_alloc_mem_ext
                0x000016ec       0x34
 i.BT_alloc_mem_ext
                0x000016ec       0x34 C:\Program Files (x86)\Cypress\PSoC Creator\3.1\PSoC Creator\psoc\content\cycomponentlibrary\CyComponentLibrary.cylib\BLE_v1_20\Library\gccCyBLEStack_BLE_SOC_PERIPHERAL.a(BT_os.o)
                0x000016ec                BT_alloc_mem_ext

i.BT_free_mem   0x00001720        0xc
 i.BT_free_mem  0x00001720        0xc C:\Program Files (x86)\Cypress\PSoC Creator\3.1\PSoC Creator\psoc\content\cycomponentlibrary\CyComponentLibrary.cylib\BLE_v1_20\Library\gccCyBLEStack_BLE_SOC_PERIPHERAL.a(BT_os.o)
                0x00001720                BT_free_mem

i.bt_stack_init_os
                0x0000172c       0x34
 i.bt_stack_init_os
                0x0000172c       0x34 C:\Program Files (x86)\Cypress\PSoC Creator\3.1\PSoC Creator\psoc\content\cycomponentlibrary\CyComponentLibrary.cylib\BLE_v1_20\Library\gccCyBLEStack_BLE_SOC_PERIPHERAL.a(BT_os.o)
                0x0000172c                bt_stack_init_os

i.CyBle_CheckBleStackTaskStatus
                0x00001760        0x4
 i.CyBle_CheckBleStackTaskStatus
                0x00001760        0x4 C:\Program Files (x86)\Cypress\PSoC Creator\3.1\PSoC Creator\psoc\content\cycomponentlibrary\CyComponentLibrary.cylib\BLE_v1_20\Library\gccCyBLEStack_BLE_SOC_PERIPHERAL.a(CyBleStackMgr_StackTaskHandler.o)
                0x00001760                CyBle_CheckBleStackTaskStatus

i.CyBle_CreateBleStackTask
                0x00001764       0x2c
 i.CyBle_CreateBleStackTask
                0x00001764       0x2c C:\Program Files (x86)\Cypress\PSoC Creator\3.1\PSoC Creator\psoc\content\cycomponentlibrary\CyComponentLibrary.cylib\BLE_v1_20\Library\gccCyBLEStack_BLE_SOC_PERIPHERAL.a(CyBleStackMgr_StackTaskHandler.o)
                0x00001764                CyBle_CreateBleStackTask

i.CyBle_SignalBleStackTask
                0x00001790       0x50
 i.CyBle_SignalBleStackTask
                0x00001790       0x50 C:\Program Files (x86)\Cypress\PSoC Creator\3.1\PSoC Creator\psoc\content\cycomponentlibrary\CyComponentLibrary.cylib\BLE_v1_20\Library\gccCyBLEStack_BLE_SOC_PERIPHERAL.a(CyBleStackMgr_StackTaskHandler.o)
                0x00001790                CyBle_SignalBleStackTask

i.CyBle_StackTaskHandler
                0x000017e0       0x5c
 i.CyBle_StackTaskHandler
                0x000017e0       0x5c C:\Program Files (x86)\Cypress\PSoC Creator\3.1\PSoC Creator\psoc\content\cycomponentlibrary\CyComponentLibrary.cylib\BLE_v1_20\Library\gccCyBLEStack_BLE_SOC_PERIPHERAL.a(CyBleStackMgr_StackTaskHandler.o)
                0x000017e0                CyBle_StackTaskHandler

i.__ARM_common_switch8
                0x0000183c       0x1a
 i.__ARM_common_switch8
                0x0000183c       0x1a C:\Program Files (x86)\Cypress\PSoC Creator\3.1\PSoC Creator\psoc\content\cycomponentlibrary\CyComponentLibrary.cylib\BLE_v1_20\Library\gccCyBLEStack_BLE_SOC_PERIPHERAL.a(CyBleStackMgr_StackTaskHandler.o)
                0x0000183c                __ARM_common_switch8

i.hci_soft_transport_notify_data_received
                0x00001858        0xc
 i.hci_soft_transport_notify_data_received
                0x00001858        0xc C:\Program Files (x86)\Cypress\PSoC Creator\3.1\PSoC Creator\psoc\content\cycomponentlibrary\CyComponentLibrary.cylib\BLE_v1_20\Library\gccCyBLEStack_BLE_SOC_PERIPHERAL.a(transport_sf.o)
                0x00001858                hci_soft_transport_notify_data_received

i.hci_soft_transport_rx_data
                0x00001864       0x40
 i.hci_soft_transport_rx_data
                0x00001864       0x40 C:\Program Files (x86)\Cypress\PSoC Creator\3.1\PSoC Creator\psoc\content\cycomponentlibrary\CyComponentLibrary.cylib\BLE_v1_20\Library\gccCyBLEStack_BLE_SOC_PERIPHERAL.a(transport_sf.o)
                0x00001864                hci_soft_transport_rx_data

i.hci_transport_bt_init
                0x000018a4        0x2
 i.hci_transport_bt_init
                0x000018a4        0x2 C:\Program Files (x86)\Cypress\PSoC Creator\3.1\PSoC Creator\psoc\content\cycomponentlibrary\CyComponentLibrary.cylib\BLE_v1_20\Library\gccCyBLEStack_BLE_SOC_PERIPHERAL.a(transport_sf.o)
                0x000018a4                hci_transport_bt_init

i.hci_transport_init
                0x000018a8       0x10
 i.hci_transport_init
                0x000018a8       0x10 C:\Program Files (x86)\Cypress\PSoC Creator\3.1\PSoC Creator\psoc\content\cycomponentlibrary\CyComponentLibrary.cylib\BLE_v1_20\Library\gccCyBLEStack_BLE_SOC_PERIPHERAL.a(transport_sf.o)
                0x000018a8                hci_transport_init

i.hci_transport_write_data
                0x000018b8       0xd4
 i.hci_transport_write_data
                0x000018b8       0xd4 C:\Program Files (x86)\Cypress\PSoC Creator\3.1\PSoC Creator\psoc\content\cycomponentlibrary\CyComponentLibrary.cylib\BLE_v1_20\Library\gccCyBLEStack_BLE_SOC_PERIPHERAL.a(transport_sf.o)
                0x000018b8                hci_transport_write_data

i.pf_hci_soft_transport_write
                0x0000198c       0x44
 i.pf_hci_soft_transport_write
                0x0000198c       0x44 C:\Program Files (x86)\Cypress\PSoC Creator\3.1\PSoC Creator\psoc\content\cycomponentlibrary\CyComponentLibrary.cylib\BLE_v1_20\Library\gccCyBLEStack_BLE_SOC_PERIPHERAL.a(transport_sf.o)
                0x0000198c                pf_hci_soft_transport_write

i.pf_soft_hci_transport_init
                0x000019d0        0xc
 i.pf_soft_hci_transport_init
                0x000019d0        0xc C:\Program Files (x86)\Cypress\PSoC Creator\3.1\PSoC Creator\psoc\content\cycomponentlibrary\CyComponentLibrary.cylib\BLE_v1_20\Library\gccCyBLEStack_BLE_SOC_PERIPHERAL.a(transport_sf.o)
                0x000019d0                pf_soft_hci_transport_init

i.CyBleStackMgr_GetTime
                0x000019dc       0x14
 i.CyBleStackMgr_GetTime
                0x000019dc       0x14 C:\Program Files (x86)\Cypress\PSoC Creator\3.1\PSoC Creator\psoc\content\cycomponentlibrary\CyComponentLibrary.cylib\BLE_v1_20\Library\gccCyBLEStack_BLE_SOC_PERIPHERAL.a(CyBleStackMgr_PSoCHal.o)
                0x000019dc                CyBleStackMgr_GetTime

i.CyBleStackMgr_HalInit
                0x000019f0       0x24
 i.CyBleStackMgr_HalInit
                0x000019f0       0x24 C:\Program Files (x86)\Cypress\PSoC Creator\3.1\PSoC Creator\psoc\content\cycomponentlibrary\CyComponentLibrary.cylib\BLE_v1_20\Library\gccCyBLEStack_BLE_SOC_PERIPHERAL.a(CyBleStackMgr_PSoCHal.o)
                0x000019f0                CyBleStackMgr_HalInit

i.CyBleStackMgr_HalIntrEnable
                0x00001a14        0x8
 i.CyBleStackMgr_HalIntrEnable
                0x00001a14        0x8 C:\Program Files (x86)\Cypress\PSoC Creator\3.1\PSoC Creator\psoc\content\cycomponentlibrary\CyComponentLibrary.cylib\BLE_v1_20\Library\gccCyBLEStack_BLE_SOC_PERIPHERAL.a(CyBleStackMgr_PSoCHal.o)
                0x00001a14                CyBleStackMgr_HalIntrEnable

i.CyBleStackMgr_HandleLinkLayerTick
                0x00001a1c       0x5c
 i.CyBleStackMgr_HandleLinkLayerTick
                0x00001a1c       0x5c C:\Program Files (x86)\Cypress\PSoC Creator\3.1\PSoC Creator\psoc\content\cycomponentlibrary\CyComponentLibrary.cylib\BLE_v1_20\Library\gccCyBLEStack_BLE_SOC_PERIPHERAL.a(CyBleStackMgr_PSoCHal.o)
                0x00001a1c                CyBleStackMgr_HandleLinkLayerTick

i.CyBleStackMgr_HciPortInit
                0x00001a78        0xc
 i.CyBleStackMgr_HciPortInit
                0x00001a78        0xc C:\Program Files (x86)\Cypress\PSoC Creator\3.1\PSoC Creator\psoc\content\cycomponentlibrary\CyComponentLibrary.cylib\BLE_v1_20\Library\gccCyBLEStack_BLE_SOC_PERIPHERAL.a(CyBleStackMgr_PSoCHal.o)
                0x00001a78                CyBleStackMgr_HciPortInit

i.CyBleStackMgr_HciPortReset
                0x00001a84        0x2
 i.CyBleStackMgr_HciPortReset
                0x00001a84        0x2 C:\Program Files (x86)\Cypress\PSoC Creator\3.1\PSoC Creator\psoc\content\cycomponentlibrary\CyComponentLibrary.cylib\BLE_v1_20\Library\gccCyBLEStack_BLE_SOC_PERIPHERAL.a(CyBleStackMgr_PSoCHal.o)
                0x00001a84                CyBleStackMgr_HciPortReset

i.CyBleStackMgr_HciPortWrite
                0x00001a86        0x8
 i.CyBleStackMgr_HciPortWrite
                0x00001a86        0x8 C:\Program Files (x86)\Cypress\PSoC Creator\3.1\PSoC Creator\psoc\content\cycomponentlibrary\CyComponentLibrary.cylib\BLE_v1_20\Library\gccCyBLEStack_BLE_SOC_PERIPHERAL.a(CyBleStackMgr_PSoCHal.o)
                0x00001a86                CyBleStackMgr_HciPortWrite

i.CyBleStackMgr_ResetLinkLayerTimerEntity
                0x00001a90       0x14
 i.CyBleStackMgr_ResetLinkLayerTimerEntity
                0x00001a90       0x14 C:\Program Files (x86)\Cypress\PSoC Creator\3.1\PSoC Creator\psoc\content\cycomponentlibrary\CyComponentLibrary.cylib\BLE_v1_20\Library\gccCyBLEStack_BLE_SOC_PERIPHERAL.a(CyBleStackMgr_PSoCHal.o)
                0x00001a90                CyBleStackMgr_ResetLinkLayerTimerEntity

i.CyBleStackMgr_TimerStart
                0x00001aa4       0x2c
 i.CyBleStackMgr_TimerStart
                0x00001aa4       0x2c C:\Program Files (x86)\Cypress\PSoC Creator\3.1\PSoC Creator\psoc\content\cycomponentlibrary\CyComponentLibrary.cylib\BLE_v1_20\Library\gccCyBLEStack_BLE_SOC_PERIPHERAL.a(CyBleStackMgr_PSoCHal.o)
                0x00001aa4                CyBleStackMgr_TimerStart

i.CyBleStackMgr_TimerStop
                0x00001ad0       0x18
 i.CyBleStackMgr_TimerStop
                0x00001ad0       0x18 C:\Program Files (x86)\Cypress\PSoC Creator\3.1\PSoC Creator\psoc\content\cycomponentlibrary\CyComponentLibrary.cylib\BLE_v1_20\Library\gccCyBLEStack_BLE_SOC_PERIPHERAL.a(CyBleStackMgr_PSoCHal.o)
                0x00001ad0                CyBleStackMgr_TimerStop

i.CyBleStackMgr_isTimerRunning
                0x00001ae8       0x10
 i.CyBleStackMgr_isTimerRunning
                0x00001ae8       0x10 C:\Program Files (x86)\Cypress\PSoC Creator\3.1\PSoC Creator\psoc\content\cycomponentlibrary\CyComponentLibrary.cylib\BLE_v1_20\Library\gccCyBLEStack_BLE_SOC_PERIPHERAL.a(CyBleStackMgr_PSoCHal.o)
                0x00001ae8                CyBleStackMgr_isTimerRunning

i.CyBleAtlantisRadioInit
                0x00001af8      0x1ac
 i.CyBleAtlantisRadioInit
                0x00001af8      0x1ac C:\Program Files (x86)\Cypress\PSoC Creator\3.1\PSoC Creator\psoc\content\cycomponentlibrary\CyComponentLibrary.cylib\BLE_v1_20\Library\gccCyBLEStack_BLE_SOC_PERIPHERAL.a(CyBleStackMgr_BleSSDriver.o)

i.CyBleStackMgr_BleSSFifoRead
                0x00001ca4       0x38
 i.CyBleStackMgr_BleSSFifoRead
                0x00001ca4       0x38 C:\Program Files (x86)\Cypress\PSoC Creator\3.1\PSoC Creator\psoc\content\cycomponentlibrary\CyComponentLibrary.cylib\BLE_v1_20\Library\gccCyBLEStack_BLE_SOC_PERIPHERAL.a(CyBleStackMgr_BleSSDriver.o)
                0x00001ca4                CyBleStackMgr_BleSSFifoRead

i.CyBleStackMgr_BleSSFifoWrite
                0x00001cdc       0x30
 i.CyBleStackMgr_BleSSFifoWrite
                0x00001cdc       0x30 C:\Program Files (x86)\Cypress\PSoC Creator\3.1\PSoC Creator\psoc\content\cycomponentlibrary\CyComponentLibrary.cylib\BLE_v1_20\Library\gccCyBLEStack_BLE_SOC_PERIPHERAL.a(CyBleStackMgr_BleSSDriver.o)
                0x00001cdc                CyBleStackMgr_BleSSFifoWrite

i.CyBleStackMgr_BleSSInit
                0x00001d0c       0x50
 i.CyBleStackMgr_BleSSInit
                0x00001d0c       0x50 C:\Program Files (x86)\Cypress\PSoC Creator\3.1\PSoC Creator\psoc\content\cycomponentlibrary\CyComponentLibrary.cylib\BLE_v1_20\Library\gccCyBLEStack_BLE_SOC_PERIPHERAL.a(CyBleStackMgr_BleSSDriver.o)
                0x00001d0c                CyBleStackMgr_BleSSInit

i.CyBleStackMgr_BleSSMemRead
                0x00001d5c       0x26
 i.CyBleStackMgr_BleSSMemRead
                0x00001d5c       0x26 C:\Program Files (x86)\Cypress\PSoC Creator\3.1\PSoC Creator\psoc\content\cycomponentlibrary\CyComponentLibrary.cylib\BLE_v1_20\Library\gccCyBLEStack_BLE_SOC_PERIPHERAL.a(CyBleStackMgr_BleSSDriver.o)
                0x00001d5c                CyBleStackMgr_BleSSMemRead

i.CyBleStackMgr_BleSSMemWrite
                0x00001d84       0x34
 i.CyBleStackMgr_BleSSMemWrite
                0x00001d84       0x34 C:\Program Files (x86)\Cypress\PSoC Creator\3.1\PSoC Creator\psoc\content\cycomponentlibrary\CyComponentLibrary.cylib\BLE_v1_20\Library\gccCyBLEStack_BLE_SOC_PERIPHERAL.a(CyBleStackMgr_BleSSDriver.o)
                0x00001d84                CyBleStackMgr_BleSSMemWrite

i.CyBleStackMgr_BleSSRegRead
                0x00001db8        0xc
 i.CyBleStackMgr_BleSSRegRead
                0x00001db8        0xc C:\Program Files (x86)\Cypress\PSoC Creator\3.1\PSoC Creator\psoc\content\cycomponentlibrary\CyComponentLibrary.cylib\BLE_v1_20\Library\gccCyBLEStack_BLE_SOC_PERIPHERAL.a(CyBleStackMgr_BleSSDriver.o)
                0x00001db8                CyBleStackMgr_BleSSRegRead

i.CyBleStackMgr_BleSSRegWrite
                0x00001dc4        0xc
 i.CyBleStackMgr_BleSSRegWrite
                0x00001dc4        0xc C:\Program Files (x86)\Cypress\PSoC Creator\3.1\PSoC Creator\psoc\content\cycomponentlibrary\CyComponentLibrary.cylib\BLE_v1_20\Library\gccCyBLEStack_BLE_SOC_PERIPHERAL.a(CyBleStackMgr_BleSSDriver.o)
                0x00001dc4                CyBleStackMgr_BleSSRegWrite

i.CyBleStackMgr_BleSSReset
                0x00001dd0       0x38
 i.CyBleStackMgr_BleSSReset
                0x00001dd0       0x38 C:\Program Files (x86)\Cypress\PSoC Creator\3.1\PSoC Creator\psoc\content\cycomponentlibrary\CyComponentLibrary.cylib\BLE_v1_20\Library\gccCyBLEStack_BLE_SOC_PERIPHERAL.a(CyBleStackMgr_BleSSDriver.o)
                0x00001dd0                CyBleStackMgr_BleSSReset

i.CyBleStackMgr_GenericIface
                0x00001e08       0x3c
 i.CyBleStackMgr_GenericIface
                0x00001e08       0x3c C:\Program Files (x86)\Cypress\PSoC Creator\3.1\PSoC Creator\psoc\content\cycomponentlibrary\CyComponentLibrary.cylib\BLE_v1_20\Library\gccCyBLEStack_BLE_SOC_PERIPHERAL.a(CyBleStackMgr_BleSSDriver.o)
                0x00001e08                CyBleStackMgr_GenericIface

i.CyBleStackMgr_HandleBleSSIntr
                0x00001e44       0x90
 i.CyBleStackMgr_HandleBleSSIntr
                0x00001e44       0x90 C:\Program Files (x86)\Cypress\PSoC Creator\3.1\PSoC Creator\psoc\content\cycomponentlibrary\CyComponentLibrary.cylib\BLE_v1_20\Library\gccCyBLEStack_BLE_SOC_PERIPHERAL.a(CyBleStackMgr_BleSSDriver.o)
                0x00001e44                CyBleStackMgr_HandleBleSSIntr

i.CyBleStackMgr_SetClockParam
                0x00001ed4       0xb4
 i.CyBleStackMgr_SetClockParam
                0x00001ed4       0xb4 C:\Program Files (x86)\Cypress\PSoC Creator\3.1\PSoC Creator\psoc\content\cycomponentlibrary\CyComponentLibrary.cylib\BLE_v1_20\Library\gccCyBLEStack_BLE_SOC_PERIPHERAL.a(CyBleStackMgr_BleSSDriver.o)

i.CyBle_ExitDsmMode
                0x00001f88       0x2c
 i.CyBle_ExitDsmMode
                0x00001f88       0x2c C:\Program Files (x86)\Cypress\PSoC Creator\3.1\PSoC Creator\psoc\content\cycomponentlibrary\CyComponentLibrary.cylib\BLE_v1_20\Library\gccCyBLEStack_BLE_SOC_PERIPHERAL.a(CyBleStackMgr_BleSSDriver.o)
                0x00001f88                CyBle_ExitDsmMode

i.CyBle_GetBleSsOperationalMode
                0x00001fb4        0xc
 i.CyBle_GetBleSsOperationalMode
                0x00001fb4        0xc C:\Program Files (x86)\Cypress\PSoC Creator\3.1\PSoC Creator\psoc\content\cycomponentlibrary\CyComponentLibrary.cylib\BLE_v1_20\Library\gccCyBLEStack_BLE_SOC_PERIPHERAL.a(CyBleStackMgr_BleSSDriver.o)
                0x00001fb4                CyBle_GetBleSsOperationalMode

i.CyBle_GetLpMode
                0x00001fc0       0x26
 i.CyBle_GetLpMode
                0x00001fc0       0x26 C:\Program Files (x86)\Cypress\PSoC Creator\3.1\PSoC Creator\psoc\content\cycomponentlibrary\CyComponentLibrary.cylib\BLE_v1_20\Library\gccCyBLEStack_BLE_SOC_PERIPHERAL.a(CyBleStackMgr_BleSSDriver.o)
                0x00001fc0                CyBle_GetLpMode

i.CyBle_GetTxGainMode
                0x00001fe8       0x2c
 i.CyBle_GetTxGainMode
                0x00001fe8       0x2c C:\Program Files (x86)\Cypress\PSoC Creator\3.1\PSoC Creator\psoc\content\cycomponentlibrary\CyComponentLibrary.cylib\BLE_v1_20\Library\gccCyBLEStack_BLE_SOC_PERIPHERAL.a(CyBleStackMgr_BleSSDriver.o)
                0x00001fe8                CyBle_GetTxGainMode

i.CyBle_SetBleSsOperationalMode
                0x00002014       0x20
 i.CyBle_SetBleSsOperationalMode
                0x00002014       0x20 C:\Program Files (x86)\Cypress\PSoC Creator\3.1\PSoC Creator\psoc\content\cycomponentlibrary\CyComponentLibrary.cylib\BLE_v1_20\Library\gccCyBLEStack_BLE_SOC_PERIPHERAL.a(CyBleStackMgr_BleSSDriver.o)
                0x00002014                CyBle_SetBleSsOperationalMode

i.CyBle_SetEventCloseState
                0x00002034        0xc
 i.CyBle_SetEventCloseState
                0x00002034        0xc C:\Program Files (x86)\Cypress\PSoC Creator\3.1\PSoC Creator\psoc\content\cycomponentlibrary\CyComponentLibrary.cylib\BLE_v1_20\Library\gccCyBLEStack_BLE_SOC_PERIPHERAL.a(CyBleStackMgr_BleSSDriver.o)
                0x00002034                CyBle_SetEventCloseState

i.CyBle_SetRxGainMode
                0x00002040       0x20
 i.CyBle_SetRxGainMode
                0x00002040       0x20 C:\Program Files (x86)\Cypress\PSoC Creator\3.1\PSoC Creator\psoc\content\cycomponentlibrary\CyComponentLibrary.cylib\BLE_v1_20\Library\gccCyBLEStack_BLE_SOC_PERIPHERAL.a(CyBleStackMgr_BleSSDriver.o)
                0x00002040                CyBle_SetRxGainMode

i.CyBle_SetTxGainMode
                0x00002060       0x38
 i.CyBle_SetTxGainMode
                0x00002060       0x38 C:\Program Files (x86)\Cypress\PSoC Creator\3.1\PSoC Creator\psoc\content\cycomponentlibrary\CyComponentLibrary.cylib\BLE_v1_20\Library\gccCyBLEStack_BLE_SOC_PERIPHERAL.a(CyBleStackMgr_BleSSDriver.o)
                0x00002060                CyBle_SetTxGainMode

i.pf_rf_get_abs_rssi
                0x00002098       0x24
 i.pf_rf_get_abs_rssi
                0x00002098       0x24 C:\Program Files (x86)\Cypress\PSoC Creator\3.1\PSoC Creator\psoc\content\cycomponentlibrary\CyComponentLibrary.cylib\BLE_v1_20\Library\gccCyBLEStack_BLE_SOC_PERIPHERAL.a(CyBleStackMgr_BleSSDriver.o)
                0x00002098                pf_rf_get_abs_rssi

i.OS_init       0x000020bc       0x64
 i.OS_init      0x000020bc       0x64 C:\Program Files (x86)\Cypress\PSoC Creator\3.1\PSoC Creator\psoc\content\cycomponentlibrary\CyComponentLibrary.cylib\BLE_v1_20\Library\gccCyBLEStack_BLE_SOC_PERIPHERAL.a(mint_os.o)
                0x000020bc                OS_init

i.mintos_malloc
                0x00002120       0x34
 i.mintos_malloc
                0x00002120       0x34 C:\Program Files (x86)\Cypress\PSoC Creator\3.1\PSoC Creator\psoc\content\cycomponentlibrary\CyComponentLibrary.cylib\BLE_v1_20\Library\gccCyBLEStack_BLE_SOC_PERIPHERAL.a(mint_os.o)
                0x00002120                mintos_malloc

i.OS_create_queue
                0x00002154       0x64
 i.OS_create_queue
                0x00002154       0x64 C:\Program Files (x86)\Cypress\PSoC Creator\3.1\PSoC Creator\psoc\content\cycomponentlibrary\CyComponentLibrary.cylib\BLE_v1_20\Library\gccCyBLEStack_BLE_SOC_PERIPHERAL.a(mint_os_queue.o)
                0x00002154                OS_create_queue

i.OS_enqueue_item
                0x000021b8       0x8c
 i.OS_enqueue_item
                0x000021b8       0x8c C:\Program Files (x86)\Cypress\PSoC Creator\3.1\PSoC Creator\psoc\content\cycomponentlibrary\CyComponentLibrary.cylib\BLE_v1_20\Library\gccCyBLEStack_BLE_SOC_PERIPHERAL.a(mint_os_queue.o)
                0x000021b8                OS_enqueue_item

i.OS_queue_get_num_of_items
                0x00002244       0x28
 i.OS_queue_get_num_of_items
                0x00002244       0x28 C:\Program Files (x86)\Cypress\PSoC Creator\3.1\PSoC Creator\psoc\content\cycomponentlibrary\CyComponentLibrary.cylib\BLE_v1_20\Library\gccCyBLEStack_BLE_SOC_PERIPHERAL.a(mint_os_queue.o)
                0x00002244                OS_queue_get_num_of_items

i.OS_queue_mgmt_init
                0x0000226c       0x40
 i.OS_queue_mgmt_init
                0x0000226c       0x40 C:\Program Files (x86)\Cypress\PSoC Creator\3.1\PSoC Creator\psoc\content\cycomponentlibrary\CyComponentLibrary.cylib\BLE_v1_20\Library\gccCyBLEStack_BLE_SOC_PERIPHERAL.a(mint_os_queue.o)
                0x0000226c                OS_queue_mgmt_init

i.OS_remove_item
                0x000022ac       0xa0
 i.OS_remove_item
                0x000022ac       0xa0 C:\Program Files (x86)\Cypress\PSoC Creator\3.1\PSoC Creator\psoc\content\cycomponentlibrary\CyComponentLibrary.cylib\BLE_v1_20\Library\gccCyBLEStack_BLE_SOC_PERIPHERAL.a(mint_os_queue.o)
                0x000022ac                OS_remove_item

i.OS_create_task
                0x0000234c       0x88
 i.OS_create_task
                0x0000234c       0x88 C:\Program Files (x86)\Cypress\PSoC Creator\3.1\PSoC Creator\psoc\content\cycomponentlibrary\CyComponentLibrary.cylib\BLE_v1_20\Library\gccCyBLEStack_BLE_SOC_PERIPHERAL.a(mint_os_task.o)
                0x0000234c                OS_create_task

i.OS_isr_send_signal_to_task
                0x000023d4        0xc
 i.OS_isr_send_signal_to_task
                0x000023d4        0xc C:\Program Files (x86)\Cypress\PSoC Creator\3.1\PSoC Creator\psoc\content\cycomponentlibrary\CyComponentLibrary.cylib\BLE_v1_20\Library\gccCyBLEStack_BLE_SOC_PERIPHERAL.a(mint_os_task.o)
                0x000023d4                OS_isr_send_signal_to_task

i.OS_scheduler  0x000023e0       0x64
 i.OS_scheduler
                0x000023e0       0x64 C:\Program Files (x86)\Cypress\PSoC Creator\3.1\PSoC Creator\psoc\content\cycomponentlibrary\CyComponentLibrary.cylib\BLE_v1_20\Library\gccCyBLEStack_BLE_SOC_PERIPHERAL.a(mint_os_task.o)
                0x000023e0                OS_scheduler

i.OS_send_signal_to_task
                0x00002444        0xc
 i.OS_send_signal_to_task
                0x00002444        0xc C:\Program Files (x86)\Cypress\PSoC Creator\3.1\PSoC Creator\psoc\content\cycomponentlibrary\CyComponentLibrary.cylib\BLE_v1_20\Library\gccCyBLEStack_BLE_SOC_PERIPHERAL.a(mint_os_task.o)
                0x00002444                OS_send_signal_to_task

i.OS_send_signal_to_task_context
                0x00002450       0x3c
 i.OS_send_signal_to_task_context
                0x00002450       0x3c C:\Program Files (x86)\Cypress\PSoC Creator\3.1\PSoC Creator\psoc\content\cycomponentlibrary\CyComponentLibrary.cylib\BLE_v1_20\Library\gccCyBLEStack_BLE_SOC_PERIPHERAL.a(mint_os_task.o)

i.OS_task_mgmt_init
                0x0000248c       0x50
 i.OS_task_mgmt_init
                0x0000248c       0x50 C:\Program Files (x86)\Cypress\PSoC Creator\3.1\PSoC Creator\psoc\content\cycomponentlibrary\CyComponentLibrary.cylib\BLE_v1_20\Library\gccCyBLEStack_BLE_SOC_PERIPHERAL.a(mint_os_task.o)
                0x0000248c                OS_task_mgmt_init

i.mint_buf_mgmt_allocate_buffer
                0x000024dc       0x4c
 i.mint_buf_mgmt_allocate_buffer
                0x000024dc       0x4c C:\Program Files (x86)\Cypress\PSoC Creator\3.1\PSoC Creator\psoc\content\cycomponentlibrary\CyComponentLibrary.cylib\BLE_v1_20\Library\gccCyBLEStack_BLE_SOC_PERIPHERAL.a(mint_buf_mgmt.o)
                0x000024dc                mint_buf_mgmt_allocate_buffer

i.mint_buf_mgmt_create_pool
                0x00002528       0xd8
 i.mint_buf_mgmt_create_pool
                0x00002528       0xd8 C:\Program Files (x86)\Cypress\PSoC Creator\3.1\PSoC Creator\psoc\content\cycomponentlibrary\CyComponentLibrary.cylib\BLE_v1_20\Library\gccCyBLEStack_BLE_SOC_PERIPHERAL.a(mint_buf_mgmt.o)
                0x00002528                mint_buf_mgmt_create_pool

i.mint_buf_mgmt_free_buffer
                0x00002600       0xa4
 i.mint_buf_mgmt_free_buffer
                0x00002600       0xa4 C:\Program Files (x86)\Cypress\PSoC Creator\3.1\PSoC Creator\psoc\content\cycomponentlibrary\CyComponentLibrary.cylib\BLE_v1_20\Library\gccCyBLEStack_BLE_SOC_PERIPHERAL.a(mint_buf_mgmt.o)
                0x00002600                mint_buf_mgmt_free_buffer

i.mint_buf_mgmt_get_free_heap
                0x000026a4       0x1c
 i.mint_buf_mgmt_get_free_heap
                0x000026a4       0x1c C:\Program Files (x86)\Cypress\PSoC Creator\3.1\PSoC Creator\psoc\content\cycomponentlibrary\CyComponentLibrary.cylib\BLE_v1_20\Library\gccCyBLEStack_BLE_SOC_PERIPHERAL.a(mint_buf_mgmt.o)
                0x000026a4                mint_buf_mgmt_get_free_heap

i.mint_buf_mgmt_init
                0x000026c0       0x44
 i.mint_buf_mgmt_init
                0x000026c0       0x44 C:\Program Files (x86)\Cypress\PSoC Creator\3.1\PSoC Creator\psoc\content\cycomponentlibrary\CyComponentLibrary.cylib\BLE_v1_20\Library\gccCyBLEStack_BLE_SOC_PERIPHERAL.a(mint_buf_mgmt.o)
                0x000026c0                mint_buf_mgmt_init

i.mint_buf_mgmt_malloc
                0x00002704       0x2c
 i.mint_buf_mgmt_malloc
                0x00002704       0x2c C:\Program Files (x86)\Cypress\PSoC Creator\3.1\PSoC Creator\psoc\content\cycomponentlibrary\CyComponentLibrary.cylib\BLE_v1_20\Library\gccCyBLEStack_BLE_SOC_PERIPHERAL.a(mint_buf_mgmt.o)
                0x00002704                mint_buf_mgmt_malloc

i.mint_buf_mgmt_reset_pool
                0x00002730       0x70
 i.mint_buf_mgmt_reset_pool
                0x00002730       0x70 C:\Program Files (x86)\Cypress\PSoC Creator\3.1\PSoC Creator\psoc\content\cycomponentlibrary\CyComponentLibrary.cylib\BLE_v1_20\Library\gccCyBLEStack_BLE_SOC_PERIPHERAL.a(mint_buf_mgmt.o)
                0x00002730                mint_buf_mgmt_reset_pool

i.mint_buf_mgmt_stack_init
                0x000027a0       0x24
 i.mint_buf_mgmt_stack_init
                0x000027a0       0x24 C:\Program Files (x86)\Cypress\PSoC Creator\3.1\PSoC Creator\psoc\content\cycomponentlibrary\CyComponentLibrary.cylib\BLE_v1_20\Library\gccCyBLEStack_BLE_SOC_PERIPHERAL.a(mint_buf_mgmt.o)
                0x000027a0                mint_buf_mgmt_stack_init

i.mint_buf_mgmt_stack_pop
                0x000027c4       0x36
 i.mint_buf_mgmt_stack_pop
                0x000027c4       0x36 C:\Program Files (x86)\Cypress\PSoC Creator\3.1\PSoC Creator\psoc\content\cycomponentlibrary\CyComponentLibrary.cylib\BLE_v1_20\Library\gccCyBLEStack_BLE_SOC_PERIPHERAL.a(mint_buf_mgmt.o)
                0x000027c4                mint_buf_mgmt_stack_pop

i.mint_buf_mgmt_stack_push
                0x000027fa       0x36
 i.mint_buf_mgmt_stack_push
                0x000027fa       0x36 C:\Program Files (x86)\Cypress\PSoC Creator\3.1\PSoC Creator\psoc\content\cycomponentlibrary\CyComponentLibrary.cylib\BLE_v1_20\Library\gccCyBLEStack_BLE_SOC_PERIPHERAL.a(mint_buf_mgmt.o)
                0x000027fa                mint_buf_mgmt_stack_push

i.mint_buf_mgmt_stack_reset
                0x00002830       0x1e
 i.mint_buf_mgmt_stack_reset
                0x00002830       0x1e C:\Program Files (x86)\Cypress\PSoC Creator\3.1\PSoC Creator\psoc\content\cycomponentlibrary\CyComponentLibrary.cylib\BLE_v1_20\Library\gccCyBLEStack_BLE_SOC_PERIPHERAL.a(mint_buf_mgmt.o)
                0x00002830                mint_buf_mgmt_stack_reset

i.mint_buf_mgmt_stack_search_item
                0x0000284e       0x30
 i.mint_buf_mgmt_stack_search_item
                0x0000284e       0x30 C:\Program Files (x86)\Cypress\PSoC Creator\3.1\PSoC Creator\psoc\content\cycomponentlibrary\CyComponentLibrary.cylib\BLE_v1_20\Library\gccCyBLEStack_BLE_SOC_PERIPHERAL.a(mint_buf_mgmt.o)
                0x0000284e                mint_buf_mgmt_stack_search_item

i.mint_buf_mgmt_pl_init
                0x00002880       0x2c
 i.mint_buf_mgmt_pl_init
                0x00002880       0x2c C:\Program Files (x86)\Cypress\PSoC Creator\3.1\PSoC Creator\psoc\content\cycomponentlibrary\CyComponentLibrary.cylib\BLE_v1_20\Library\gccCyBLEStack_BLE_SOC_PERIPHERAL.a(mint_buf_mgmt_pl.o)
                0x00002880                mint_buf_mgmt_pl_init

i.CyBleControllerIP_GetPingState
                0x000028ac        0xc
 i.CyBleControllerIP_GetPingState
                0x000028ac        0xc C:\Program Files (x86)\Cypress\PSoC Creator\3.1\PSoC Creator\psoc\content\cycomponentlibrary\CyComponentLibrary.cylib\BLE_v1_20\Library\gccCyBLEStack_BLE_SOC_PERIPHERAL.a(CyBleControllerIP_Interface.o)
                0x000028ac                CyBleControllerIP_GetPingState

i.CyBleController_AddDeviceToWhiteList
                0x000028b8       0x40
 i.CyBleController_AddDeviceToWhiteList
                0x000028b8       0x40 C:\Program Files (x86)\Cypress\PSoC Creator\3.1\PSoC Creator\psoc\content\cycomponentlibrary\CyComponentLibrary.cylib\BLE_v1_20\Library\gccCyBLEStack_BLE_SOC_PERIPHERAL.a(CyBleControllerIP_Interface.o)
                0x000028b8                CyBleController_AddDeviceToWhiteList

i.CyBleController_ExitLowPowerMode
                0x000028f8       0x10
 i.CyBleController_ExitLowPowerMode
                0x000028f8       0x10 C:\Program Files (x86)\Cypress\PSoC Creator\3.1\PSoC Creator\psoc\content\cycomponentlibrary\CyComponentLibrary.cylib\BLE_v1_20\Library\gccCyBLEStack_BLE_SOC_PERIPHERAL.a(CyBleControllerIP_Interface.o)
                0x000028f8                CyBleController_ExitLowPowerMode

i.CyBleController_Init
                0x00002908       0x3c
 i.CyBleController_Init
                0x00002908       0x3c C:\Program Files (x86)\Cypress\PSoC Creator\3.1\PSoC Creator\psoc\content\cycomponentlibrary\CyComponentLibrary.cylib\BLE_v1_20\Library\gccCyBLEStack_BLE_SOC_PERIPHERAL.a(CyBleControllerIP_Interface.o)
                0x00002908                CyBleController_Init

i.CyBleController_SetDeviceAddress
                0x00002944       0x2e
 i.CyBleController_SetDeviceAddress
                0x00002944       0x2e C:\Program Files (x86)\Cypress\PSoC Creator\3.1\PSoC Creator\psoc\content\cycomponentlibrary\CyComponentLibrary.cylib\BLE_v1_20\Library\gccCyBLEStack_BLE_SOC_PERIPHERAL.a(CyBleControllerIP_Interface.o)
                0x00002944                CyBleController_SetDeviceAddress

i.CyBle_GetTxPowerLevel
                0x00002972       0x4e
 i.CyBle_GetTxPowerLevel
                0x00002972       0x4e C:\Program Files (x86)\Cypress\PSoC Creator\3.1\PSoC Creator\psoc\content\cycomponentlibrary\CyComponentLibrary.cylib\BLE_v1_20\Library\gccCyBLEStack_BLE_SOC_PERIPHERAL.a(CyBleControllerIP_Interface.o)
                0x00002972                CyBle_GetTxPowerLevel

i.CyBle_SetTxPowerLevel
                0x000029c0       0x56
 i.CyBle_SetTxPowerLevel
                0x000029c0       0x56 C:\Program Files (x86)\Cypress\PSoC Creator\3.1\PSoC Creator\psoc\content\cycomponentlibrary\CyComponentLibrary.cylib\BLE_v1_20\Library\gccCyBLEStack_BLE_SOC_PERIPHERAL.a(CyBleControllerIP_Interface.o)
                0x000029c0                CyBle_SetTxPowerLevel

i.ll_check_and_mark_packet_ready_for_transmission
                0x00002a18       0x28
 i.ll_check_and_mark_packet_ready_for_transmission
                0x00002a18       0x28 C:\Program Files (x86)\Cypress\PSoC Creator\3.1\PSoC Creator\psoc\content\cycomponentlibrary\CyComponentLibrary.cylib\BLE_v1_20\Library\gccCyBLEStack_BLE_SOC_PERIPHERAL.a(ll.o)
                0x00002a18                ll_check_and_mark_packet_ready_for_transmission

i.ll_cleanup_pending_data_pdu
                0x00002a40       0x38
 i.ll_cleanup_pending_data_pdu
                0x00002a40       0x38 C:\Program Files (x86)\Cypress\PSoC Creator\3.1\PSoC Creator\psoc\content\cycomponentlibrary\CyComponentLibrary.cylib\BLE_v1_20\Library\gccCyBLEStack_BLE_SOC_PERIPHERAL.a(ll.o)
                0x00002a40                ll_cleanup_pending_data_pdu

i.ll_exit_low_power_mode
                0x00002a78       0xac
 i.ll_exit_low_power_mode
                0x00002a78       0xac C:\Program Files (x86)\Cypress\PSoC Creator\3.1\PSoC Creator\psoc\content\cycomponentlibrary\CyComponentLibrary.cylib\BLE_v1_20\Library\gccCyBLEStack_BLE_SOC_PERIPHERAL.a(ll.o)
                0x00002a78                ll_exit_low_power_mode

i.ll_get_ack_status
                0x00002b24       0x3c
 i.ll_get_ack_status
                0x00002b24       0x3c C:\Program Files (x86)\Cypress\PSoC Creator\3.1\PSoC Creator\psoc\content\cycomponentlibrary\CyComponentLibrary.cylib\BLE_v1_20\Library\gccCyBLEStack_BLE_SOC_PERIPHERAL.a(ll.o)
                0x00002b24                ll_get_ack_status

i.ll_get_adv_ch_tx_power
                0x00002b60       0x20
 i.ll_get_adv_ch_tx_power
                0x00002b60       0x20 C:\Program Files (x86)\Cypress\PSoC Creator\3.1\PSoC Creator\psoc\content\cycomponentlibrary\CyComponentLibrary.cylib\BLE_v1_20\Library\gccCyBLEStack_BLE_SOC_PERIPHERAL.a(ll.o)
                0x00002b60                ll_get_adv_ch_tx_power

i.ll_get_data_channel_map
                0x00002b80       0x24
 i.ll_get_data_channel_map
                0x00002b80       0x24 C:\Program Files (x86)\Cypress\PSoC Creator\3.1\PSoC Creator\psoc\content\cycomponentlibrary\CyComponentLibrary.cylib\BLE_v1_20\Library\gccCyBLEStack_BLE_SOC_PERIPHERAL.a(ll.o)
                0x00002b80                ll_get_data_channel_map

i.ll_get_max_white_list_size
                0x00002ba4        0xc
 i.ll_get_max_white_list_size
                0x00002ba4        0xc C:\Program Files (x86)\Cypress\PSoC Creator\3.1\PSoC Creator\psoc\content\cycomponentlibrary\CyComponentLibrary.cylib\BLE_v1_20\Library\gccCyBLEStack_BLE_SOC_PERIPHERAL.a(ll.o)
                0x00002ba4                ll_get_max_white_list_size

i.ll_get_my_role
                0x00002bb0        0xc
 i.ll_get_my_role
                0x00002bb0        0xc C:\Program Files (x86)\Cypress\PSoC Creator\3.1\PSoC Creator\psoc\content\cycomponentlibrary\CyComponentLibrary.cylib\BLE_v1_20\Library\gccCyBLEStack_BLE_SOC_PERIPHERAL.a(ll.o)
                0x00002bb0                ll_get_my_role

i.ll_get_next_available_fifo_for_data_pdu
                0x00002bbc        0x8
 i.ll_get_next_available_fifo_for_data_pdu
                0x00002bbc        0x8 C:\Program Files (x86)\Cypress\PSoC Creator\3.1\PSoC Creator\psoc\content\cycomponentlibrary\CyComponentLibrary.cylib\BLE_v1_20\Library\gccCyBLEStack_BLE_SOC_PERIPHERAL.a(ll.o)
                0x00002bbc                ll_get_next_available_fifo_for_data_pdu

i.ll_get_next_available_fifo_for_ll_pdu
                0x00002bc4       0x24
 i.ll_get_next_available_fifo_for_ll_pdu
                0x00002bc4       0x24 C:\Program Files (x86)\Cypress\PSoC Creator\3.1\PSoC Creator\psoc\content\cycomponentlibrary\CyComponentLibrary.cylib\BLE_v1_20\Library\gccCyBLEStack_BLE_SOC_PERIPHERAL.a(ll.o)
                0x00002bc4                ll_get_next_available_fifo_for_ll_pdu

i.ll_get_rssi_value
                0x00002be8       0x26
 i.ll_get_rssi_value
                0x00002be8       0x26 C:\Program Files (x86)\Cypress\PSoC Creator\3.1\PSoC Creator\psoc\content\cycomponentlibrary\CyComponentLibrary.cylib\BLE_v1_20\Library\gccCyBLEStack_BLE_SOC_PERIPHERAL.a(ll.o)
                0x00002be8                ll_get_rssi_value

i.ll_get_transmit_power_level
                0x00002c10       0x2c
 i.ll_get_transmit_power_level
                0x00002c10       0x2c C:\Program Files (x86)\Cypress\PSoC Creator\3.1\PSoC Creator\psoc\content\cycomponentlibrary\CyComponentLibrary.cylib\BLE_v1_20\Library\gccCyBLEStack_BLE_SOC_PERIPHERAL.a(ll.o)
                0x00002c10                ll_get_transmit_power_level

i.ll_handle_ack_received
                0x00002c3c       0x74
 i.ll_handle_ack_received
                0x00002c3c       0x74 C:\Program Files (x86)\Cypress\PSoC Creator\3.1\PSoC Creator\psoc\content\cycomponentlibrary\CyComponentLibrary.cylib\BLE_v1_20\Library\gccCyBLEStack_BLE_SOC_PERIPHERAL.a(ll.o)
                0x00002c3c                ll_handle_ack_received

i.ll_handle_add_device_in_whitelist
                0x00002cb0       0x3a
 i.ll_handle_add_device_in_whitelist
                0x00002cb0       0x3a C:\Program Files (x86)\Cypress\PSoC Creator\3.1\PSoC Creator\psoc\content\cycomponentlibrary\CyComponentLibrary.cylib\BLE_v1_20\Library\gccCyBLEStack_BLE_SOC_PERIPHERAL.a(ll.o)
                0x00002cb0                ll_handle_add_device_in_whitelist

i.ll_handle_clear_whitelist
                0x00002cea       0x16
 i.ll_handle_clear_whitelist
                0x00002cea       0x16 C:\Program Files (x86)\Cypress\PSoC Creator\3.1\PSoC Creator\psoc\content\cycomponentlibrary\CyComponentLibrary.cylib\BLE_v1_20\Library\gccCyBLEStack_BLE_SOC_PERIPHERAL.a(ll.o)
                0x00002cea                ll_handle_clear_whitelist

i.ll_handle_encrypt_host_data
                0x00002d00       0x36
 i.ll_handle_encrypt_host_data
                0x00002d00       0x36 C:\Program Files (x86)\Cypress\PSoC Creator\3.1\PSoC Creator\psoc\content\cycomponentlibrary\CyComponentLibrary.cylib\BLE_v1_20\Library\gccCyBLEStack_BLE_SOC_PERIPHERAL.a(ll.o)
                0x00002d00                ll_handle_encrypt_host_data

i.ll_handle_host_data_packet
                0x00002d36       0x54
 i.ll_handle_host_data_packet
                0x00002d36       0x54 C:\Program Files (x86)\Cypress\PSoC Creator\3.1\PSoC Creator\psoc\content\cycomponentlibrary\CyComponentLibrary.cylib\BLE_v1_20\Library\gccCyBLEStack_BLE_SOC_PERIPHERAL.a(ll.o)
                0x00002d36                ll_handle_host_data_packet

i.ll_handle_read_host_channel_map
                0x00002d8a        0x4
 i.ll_handle_read_host_channel_map
                0x00002d8a        0x4 C:\Program Files (x86)\Cypress\PSoC Creator\3.1\PSoC Creator\psoc\content\cycomponentlibrary\CyComponentLibrary.cylib\BLE_v1_20\Library\gccCyBLEStack_BLE_SOC_PERIPHERAL.a(ll.o)
                0x00002d8a                ll_handle_read_host_channel_map

i.ll_handle_remove_device_in_whitelist
                0x00002d8e       0x2a
 i.ll_handle_remove_device_in_whitelist
                0x00002d8e       0x2a C:\Program Files (x86)\Cypress\PSoC Creator\3.1\PSoC Creator\psoc\content\cycomponentlibrary\CyComponentLibrary.cylib\BLE_v1_20\Library\gccCyBLEStack_BLE_SOC_PERIPHERAL.a(ll.o)
                0x00002d8e                ll_handle_remove_device_in_whitelist

i.ll_handle_reset
                0x00002db8        0xe
 i.ll_handle_reset
                0x00002db8        0xe C:\Program Files (x86)\Cypress\PSoC Creator\3.1\PSoC Creator\psoc\content\cycomponentlibrary\CyComponentLibrary.cylib\BLE_v1_20\Library\gccCyBLEStack_BLE_SOC_PERIPHERAL.a(ll.o)
                0x00002db8                ll_handle_reset

i.ll_handle_set_random_address
                0x00002dc6       0x36
 i.ll_handle_set_random_address
                0x00002dc6       0x36 C:\Program Files (x86)\Cypress\PSoC Creator\3.1\PSoC Creator\psoc\content\cycomponentlibrary\CyComponentLibrary.cylib\BLE_v1_20\Library\gccCyBLEStack_BLE_SOC_PERIPHERAL.a(ll.o)
                0x00002dc6                ll_handle_set_random_address

i.ll_init       0x00002dfc       0x18
 i.ll_init      0x00002dfc       0x18 C:\Program Files (x86)\Cypress\PSoC Creator\3.1\PSoC Creator\psoc\content\cycomponentlibrary\CyComponentLibrary.cylib\BLE_v1_20\Library\gccCyBLEStack_BLE_SOC_PERIPHERAL.a(ll.o)
                0x00002dfc                ll_init

i.ll_initialize_device_attributes
                0x00002e14       0x4c
 i.ll_initialize_device_attributes
                0x00002e14       0x4c C:\Program Files (x86)\Cypress\PSoC Creator\3.1\PSoC Creator\psoc\content\cycomponentlibrary\CyComponentLibrary.cylib\BLE_v1_20\Library\gccCyBLEStack_BLE_SOC_PERIPHERAL.a(ll.o)
                0x00002e14                ll_initialize_device_attributes

i.ll_is_pkt_pending
                0x00002e60       0x2a
 i.ll_is_pkt_pending
                0x00002e60       0x2a C:\Program Files (x86)\Cypress\PSoC Creator\3.1\PSoC Creator\psoc\content\cycomponentlibrary\CyComponentLibrary.cylib\BLE_v1_20\Library\gccCyBLEStack_BLE_SOC_PERIPHERAL.a(ll.o)
                0x00002e60                ll_is_pkt_pending

i.ll_is_sent_pkt_pending
                0x00002e8a       0x1a
 i.ll_is_sent_pkt_pending
                0x00002e8a       0x1a C:\Program Files (x86)\Cypress\PSoC Creator\3.1\PSoC Creator\psoc\content\cycomponentlibrary\CyComponentLibrary.cylib\BLE_v1_20\Library\gccCyBLEStack_BLE_SOC_PERIPHERAL.a(ll.o)
                0x00002e8a                ll_is_sent_pkt_pending

i.ll_isr_exit_low_power_mode
                0x00002ea4       0x16
 i.ll_isr_exit_low_power_mode
                0x00002ea4       0x16 C:\Program Files (x86)\Cypress\PSoC Creator\3.1\PSoC Creator\psoc\content\cycomponentlibrary\CyComponentLibrary.cylib\BLE_v1_20\Library\gccCyBLEStack_BLE_SOC_PERIPHERAL.a(ll.o)
                0x00002ea4                ll_isr_exit_low_power_mode

i.ll_load_host_data_packet
                0x00002eba       0x4a
 i.ll_load_host_data_packet
                0x00002eba       0x4a C:\Program Files (x86)\Cypress\PSoC Creator\3.1\PSoC Creator\psoc\content\cycomponentlibrary\CyComponentLibrary.cylib\BLE_v1_20\Library\gccCyBLEStack_BLE_SOC_PERIPHERAL.a(ll.o)
                0x00002eba                ll_load_host_data_packet

i.ll_load_packet_to_fifo
                0x00002f04       0x6e
 i.ll_load_packet_to_fifo
                0x00002f04       0x6e C:\Program Files (x86)\Cypress\PSoC Creator\3.1\PSoC Creator\psoc\content\cycomponentlibrary\CyComponentLibrary.cylib\BLE_v1_20\Library\gccCyBLEStack_BLE_SOC_PERIPHERAL.a(ll.o)
                0x00002f04                ll_load_packet_to_fifo

i.ll_process_acks
                0x00002f72       0x3c
 i.ll_process_acks
                0x00002f72       0x3c C:\Program Files (x86)\Cypress\PSoC Creator\3.1\PSoC Creator\psoc\content\cycomponentlibrary\CyComponentLibrary.cylib\BLE_v1_20\Library\gccCyBLEStack_BLE_SOC_PERIPHERAL.a(ll.o)
                0x00002f72                ll_process_acks

i.ll_reset      0x00002fae       0x12
 i.ll_reset     0x00002fae       0x12 C:\Program Files (x86)\Cypress\PSoC Creator\3.1\PSoC Creator\psoc\content\cycomponentlibrary\CyComponentLibrary.cylib\BLE_v1_20\Library\gccCyBLEStack_BLE_SOC_PERIPHERAL.a(ll.o)
                0x00002fae                ll_reset

i.ll_update_active_features
                0x00002fc0       0x58
 i.ll_update_active_features
                0x00002fc0       0x58 C:\Program Files (x86)\Cypress\PSoC Creator\3.1\PSoC Creator\psoc\content\cycomponentlibrary\CyComponentLibrary.cylib\BLE_v1_20\Library\gccCyBLEStack_BLE_SOC_PERIPHERAL.a(ll.o)
                0x00002fc0                ll_update_active_features

i.ll_update_device_fsm
                0x00003018        0x8
 i.ll_update_device_fsm
                0x00003018        0x8 C:\Program Files (x86)\Cypress\PSoC Creator\3.1\PSoC Creator\psoc\content\cycomponentlibrary\CyComponentLibrary.cylib\BLE_v1_20\Library\gccCyBLEStack_BLE_SOC_PERIPHERAL.a(ll.o)
                0x00003018                ll_update_device_fsm

i.pf_le_start_timer
                0x00003020       0x16
 i.pf_le_start_timer
                0x00003020       0x16 C:\Program Files (x86)\Cypress\PSoC Creator\3.1\PSoC Creator\psoc\content\cycomponentlibrary\CyComponentLibrary.cylib\BLE_v1_20\Library\gccCyBLEStack_BLE_SOC_PERIPHERAL.a(ll.o)
                0x00003020                pf_le_start_timer

i.pf_le_stop_timer
                0x00003036       0x12
 i.pf_le_stop_timer
                0x00003036       0x12 C:\Program Files (x86)\Cypress\PSoC Creator\3.1\PSoC Creator\psoc\content\cycomponentlibrary\CyComponentLibrary.cylib\BLE_v1_20\Library\gccCyBLEStack_BLE_SOC_PERIPHERAL.a(ll.o)
                0x00003036                pf_le_stop_timer

i.CyBleControllerIP_TuneAdvEventInterPktSlots
                0x00003048       0x44
 i.CyBleControllerIP_TuneAdvEventInterPktSlots
                0x00003048       0x44 C:\Program Files (x86)\Cypress\PSoC Creator\3.1\PSoC Creator\psoc\content\cycomponentlibrary\CyComponentLibrary.cylib\BLE_v1_20\Library\gccCyBLEStack_BLE_SOC_PERIPHERAL.a(ll_advertiser.o)
                0x00003048                CyBleControllerIP_TuneAdvEventInterPktSlots

i.ll_adv_is_configured_connection_adv
                0x0000308c       0x1e
 i.ll_adv_is_configured_connection_adv
                0x0000308c       0x1e C:\Program Files (x86)\Cypress\PSoC Creator\3.1\PSoC Creator\psoc\content\cycomponentlibrary\CyComponentLibrary.cylib\BLE_v1_20\Library\gccCyBLEStack_BLE_SOC_PERIPHERAL.a(ll_advertiser.o)
                0x0000308c                ll_adv_is_configured_connection_adv

i.ll_check_random_address_in_use_by_advertiser
                0x000030aa       0x10
 i.ll_check_random_address_in_use_by_advertiser
                0x000030aa       0x10 C:\Program Files (x86)\Cypress\PSoC Creator\3.1\PSoC Creator\psoc\content\cycomponentlibrary\CyComponentLibrary.cylib\BLE_v1_20\Library\gccCyBLEStack_BLE_SOC_PERIPHERAL.a(ll_advertiser.o)
                0x000030aa                ll_check_random_address_in_use_by_advertiser

i.ll_check_whitelist_in_use_by_advertiser
                0x000030ba       0x10
 i.ll_check_whitelist_in_use_by_advertiser
                0x000030ba       0x10 C:\Program Files (x86)\Cypress\PSoC Creator\3.1\PSoC Creator\psoc\content\cycomponentlibrary\CyComponentLibrary.cylib\BLE_v1_20\Library\gccCyBLEStack_BLE_SOC_PERIPHERAL.a(ll_advertiser.o)
                0x000030ba                ll_check_whitelist_in_use_by_advertiser

i.ll_get_adv_status
                0x000030ca        0xc
 i.ll_get_adv_status
                0x000030ca        0xc C:\Program Files (x86)\Cypress\PSoC Creator\3.1\PSoC Creator\psoc\content\cycomponentlibrary\CyComponentLibrary.cylib\BLE_v1_20\Library\gccCyBLEStack_BLE_SOC_PERIPHERAL.a(ll_advertiser.o)
                0x000030ca                ll_get_adv_status

i.ll_get_adv_type
                0x000030d6       0x16
 i.ll_get_adv_type
                0x000030d6       0x16 C:\Program Files (x86)\Cypress\PSoC Creator\3.1\PSoC Creator\psoc\content\cycomponentlibrary\CyComponentLibrary.cylib\BLE_v1_20\Library\gccCyBLEStack_BLE_SOC_PERIPHERAL.a(ll_advertiser.o)
                0x000030d6                ll_get_adv_type

i.ll_handle_adv_intr
                0x000030ec       0x50
 i.ll_handle_adv_intr
                0x000030ec       0x50 C:\Program Files (x86)\Cypress\PSoC Creator\3.1\PSoC Creator\psoc\content\cycomponentlibrary\CyComponentLibrary.cylib\BLE_v1_20\Library\gccCyBLEStack_BLE_SOC_PERIPHERAL.a(ll_advertiser.o)
                0x000030ec                ll_handle_adv_intr

i.ll_handle_set_adv_data
                0x0000313c       0x14
 i.ll_handle_set_adv_data
                0x0000313c       0x14 C:\Program Files (x86)\Cypress\PSoC Creator\3.1\PSoC Creator\psoc\content\cycomponentlibrary\CyComponentLibrary.cylib\BLE_v1_20\Library\gccCyBLEStack_BLE_SOC_PERIPHERAL.a(ll_advertiser.o)
                0x0000313c                ll_handle_set_adv_data

i.ll_handle_set_adv_parameters
                0x00003150       0x84
 i.ll_handle_set_adv_parameters
                0x00003150       0x84 C:\Program Files (x86)\Cypress\PSoC Creator\3.1\PSoC Creator\psoc\content\cycomponentlibrary\CyComponentLibrary.cylib\BLE_v1_20\Library\gccCyBLEStack_BLE_SOC_PERIPHERAL.a(ll_advertiser.o)
                0x00003150                ll_handle_set_adv_parameters

i.ll_handle_set_advertise_enable
                0x000031d4       0x70
 i.ll_handle_set_advertise_enable
                0x000031d4       0x70 C:\Program Files (x86)\Cypress\PSoC Creator\3.1\PSoC Creator\psoc\content\cycomponentlibrary\CyComponentLibrary.cylib\BLE_v1_20\Library\gccCyBLEStack_BLE_SOC_PERIPHERAL.a(ll_advertiser.o)
                0x000031d4                ll_handle_set_advertise_enable

i.ll_handle_set_scan_resp_data
                0x00003244       0x14
 i.ll_handle_set_scan_resp_data
                0x00003244       0x14 C:\Program Files (x86)\Cypress\PSoC Creator\3.1\PSoC Creator\psoc\content\cycomponentlibrary\CyComponentLibrary.cylib\BLE_v1_20\Library\gccCyBLEStack_BLE_SOC_PERIPHERAL.a(ll_advertiser.o)
                0x00003244                ll_handle_set_scan_resp_data

i.ll_init_advertiser
                0x00003258       0x68
 i.ll_init_advertiser
                0x00003258       0x68 C:\Program Files (x86)\Cypress\PSoC Creator\3.1\PSoC Creator\psoc\content\cycomponentlibrary\CyComponentLibrary.cylib\BLE_v1_20\Library\gccCyBLEStack_BLE_SOC_PERIPHERAL.a(ll_advertiser.o)
                0x00003258                ll_init_advertiser

i.is_le_connection_handle
                0x000032c0       0x28
 i.is_le_connection_handle
                0x000032c0       0x28 C:\Program Files (x86)\Cypress\PSoC Creator\3.1\PSoC Creator\psoc\content\cycomponentlibrary\CyComponentLibrary.cylib\BLE_v1_20\Library\gccCyBLEStack_BLE_SOC_PERIPHERAL.a(ll_connection.o)
                0x000032c0                is_le_connection_handle

i.le_assign_connection_handle
                0x000032e8       0x28
 i.le_assign_connection_handle
                0x000032e8       0x28 C:\Program Files (x86)\Cypress\PSoC Creator\3.1\PSoC Creator\psoc\content\cycomponentlibrary\CyComponentLibrary.cylib\BLE_v1_20\Library\gccCyBLEStack_BLE_SOC_PERIPHERAL.a(ll_connection.o)
                0x000032e8                le_assign_connection_handle

i.le_get_connection_index
                0x00003310        0x6
 i.le_get_connection_index
                0x00003310        0x6 C:\Program Files (x86)\Cypress\PSoC Creator\3.1\PSoC Creator\psoc\content\cycomponentlibrary\CyComponentLibrary.cylib\BLE_v1_20\Library\gccCyBLEStack_BLE_SOC_PERIPHERAL.a(ll_connection.o)
                0x00003310                le_get_connection_index

i.ll_allocate_connection
                0x00003318       0x44
 i.ll_allocate_connection
                0x00003318       0x44 C:\Program Files (x86)\Cypress\PSoC Creator\3.1\PSoC Creator\psoc\content\cycomponentlibrary\CyComponentLibrary.cylib\BLE_v1_20\Library\gccCyBLEStack_BLE_SOC_PERIPHERAL.a(ll_connection.o)
                0x00003318                ll_allocate_connection

i.ll_calculate_and_program_def_win_widen_drift
                0x0000335c       0x14
 i.ll_calculate_and_program_def_win_widen_drift
                0x0000335c       0x14 C:\Program Files (x86)\Cypress\PSoC Creator\3.1\PSoC Creator\psoc\content\cycomponentlibrary\CyComponentLibrary.cylib\BLE_v1_20\Library\gccCyBLEStack_BLE_SOC_PERIPHERAL.a(ll_connection.o)
                0x0000335c                ll_calculate_and_program_def_win_widen_drift

i.ll_calculate_drift
                0x00003370       0x2c
 i.ll_calculate_drift
                0x00003370       0x2c C:\Program Files (x86)\Cypress\PSoC Creator\3.1\PSoC Creator\psoc\content\cycomponentlibrary\CyComponentLibrary.cylib\BLE_v1_20\Library\gccCyBLEStack_BLE_SOC_PERIPHERAL.a(ll_connection.o)
                0x00003370                ll_calculate_drift

i.ll_check_and_decrypt_ll_pdu
                0x0000339c       0x68
 i.ll_check_and_decrypt_ll_pdu
                0x0000339c       0x68 C:\Program Files (x86)\Cypress\PSoC Creator\3.1\PSoC Creator\psoc\content\cycomponentlibrary\CyComponentLibrary.cylib\BLE_v1_20\Library\gccCyBLEStack_BLE_SOC_PERIPHERAL.a(ll_connection.o)
                0x0000339c                ll_check_and_decrypt_ll_pdu

i.ll_check_and_decrypt_packet
                0x00003404       0x6a
 i.ll_check_and_decrypt_packet
                0x00003404       0x6a C:\Program Files (x86)\Cypress\PSoC Creator\3.1\PSoC Creator\psoc\content\cycomponentlibrary\CyComponentLibrary.cylib\BLE_v1_20\Library\gccCyBLEStack_BLE_SOC_PERIPHERAL.a(ll_connection.o)
                0x00003404                ll_check_and_decrypt_packet

i.ll_check_and_encrypt_ll_pdu
                0x0000346e       0x72
 i.ll_check_and_encrypt_ll_pdu
                0x0000346e       0x72 C:\Program Files (x86)\Cypress\PSoC Creator\3.1\PSoC Creator\psoc\content\cycomponentlibrary\CyComponentLibrary.cylib\BLE_v1_20\Library\gccCyBLEStack_BLE_SOC_PERIPHERAL.a(ll_connection.o)
                0x0000346e                ll_check_and_encrypt_ll_pdu

i.ll_check_and_encrypt_packet
                0x000034e0       0x8a
 i.ll_check_and_encrypt_packet
                0x000034e0       0x8a C:\Program Files (x86)\Cypress\PSoC Creator\3.1\PSoC Creator\psoc\content\cycomponentlibrary\CyComponentLibrary.cylib\BLE_v1_20\Library\gccCyBLEStack_BLE_SOC_PERIPHERAL.a(ll_connection.o)
                0x000034e0                ll_check_and_encrypt_packet

i.ll_check_for_allowing_incoming_connection_update
                0x0000356a       0x42
 i.ll_check_for_allowing_incoming_connection_update
                0x0000356a       0x42 C:\Program Files (x86)\Cypress\PSoC Creator\3.1\PSoC Creator\psoc\content\cycomponentlibrary\CyComponentLibrary.cylib\BLE_v1_20\Library\gccCyBLEStack_BLE_SOC_PERIPHERAL.a(ll_connection.o)
                0x0000356a                ll_check_for_allowing_incoming_connection_update

i.ll_check_if_pdu_is_loaded_to_hardware
                0x000035ac       0x1c
 i.ll_check_if_pdu_is_loaded_to_hardware
                0x000035ac       0x1c C:\Program Files (x86)\Cypress\PSoC Creator\3.1\PSoC Creator\psoc\content\cycomponentlibrary\CyComponentLibrary.cylib\BLE_v1_20\Library\gccCyBLEStack_BLE_SOC_PERIPHERAL.a(ll_connection.o)
                0x000035ac                ll_check_if_pdu_is_loaded_to_hardware

i.ll_check_random_address_in_use_by_initiator
                0x000035c8       0x30
 i.ll_check_random_address_in_use_by_initiator
                0x000035c8       0x30 C:\Program Files (x86)\Cypress\PSoC Creator\3.1\PSoC Creator\psoc\content\cycomponentlibrary\CyComponentLibrary.cylib\BLE_v1_20\Library\gccCyBLEStack_BLE_SOC_PERIPHERAL.a(ll_connection.o)
                0x000035c8                ll_check_random_address_in_use_by_initiator

i.ll_check_white_list_in_use_by_initiator
                0x000035f8       0x30
 i.ll_check_white_list_in_use_by_initiator
                0x000035f8       0x30 C:\Program Files (x86)\Cypress\PSoC Creator\3.1\PSoC Creator\psoc\content\cycomponentlibrary\CyComponentLibrary.cylib\BLE_v1_20\Library\gccCyBLEStack_BLE_SOC_PERIPHERAL.a(ll_connection.o)
                0x000035f8                ll_check_white_list_in_use_by_initiator

i.ll_conn_free_enc_txn_buffer
                0x00003628       0x16
 i.ll_conn_free_enc_txn_buffer
                0x00003628       0x16 C:\Program Files (x86)\Cypress\PSoC Creator\3.1\PSoC Creator\psoc\content\cycomponentlibrary\CyComponentLibrary.cylib\BLE_v1_20\Library\gccCyBLEStack_BLE_SOC_PERIPHERAL.a(ll_connection.o)
                0x00003628                ll_conn_free_enc_txn_buffer

i.ll_conn_fsm_update_channel_state
                0x0000363e        0x6
 i.ll_conn_fsm_update_channel_state
                0x0000363e        0x6 C:\Program Files (x86)\Cypress\PSoC Creator\3.1\PSoC Creator\psoc\content\cycomponentlibrary\CyComponentLibrary.cylib\BLE_v1_20\Library\gccCyBLEStack_BLE_SOC_PERIPHERAL.a(ll_connection.o)
                0x0000363e                ll_conn_fsm_update_channel_state

i.ll_conn_fsm_update_conn_update_state
                0x00003644        0x6
 i.ll_conn_fsm_update_conn_update_state
                0x00003644        0x6 C:\Program Files (x86)\Cypress\PSoC Creator\3.1\PSoC Creator\psoc\content\cycomponentlibrary\CyComponentLibrary.cylib\BLE_v1_20\Library\gccCyBLEStack_BLE_SOC_PERIPHERAL.a(ll_connection.o)
                0x00003644                ll_conn_fsm_update_conn_update_state

i.ll_conn_fsm_update_enc_state
                0x0000364a        0x6
 i.ll_conn_fsm_update_enc_state
                0x0000364a        0x6 C:\Program Files (x86)\Cypress\PSoC Creator\3.1\PSoC Creator\psoc\content\cycomponentlibrary\CyComponentLibrary.cylib\BLE_v1_20\Library\gccCyBLEStack_BLE_SOC_PERIPHERAL.a(ll_connection.o)
                0x0000364a                ll_conn_fsm_update_enc_state

i.ll_conn_fsm_update_state
                0x00003650        0x4
 i.ll_conn_fsm_update_state
                0x00003650        0x4 C:\Program Files (x86)\Cypress\PSoC Creator\3.1\PSoC Creator\psoc\content\cycomponentlibrary\CyComponentLibrary.cylib\BLE_v1_20\Library\gccCyBLEStack_BLE_SOC_PERIPHERAL.a(ll_connection.o)
                0x00003650                ll_conn_fsm_update_state

i.ll_conn_handle_data_pdu_from_host_when_data_paused
                0x00003654        0x8
 i.ll_conn_handle_data_pdu_from_host_when_data_paused
                0x00003654        0x8 C:\Program Files (x86)\Cypress\PSoC Creator\3.1\PSoC Creator\psoc\content\cycomponentlibrary\CyComponentLibrary.cylib\BLE_v1_20\Library\gccCyBLEStack_BLE_SOC_PERIPHERAL.a(ll_connection.o)
                0x00003654                ll_conn_handle_data_pdu_from_host_when_data_paused

i.ll_conn_handle_direct_adv_timeout
                0x0000365c       0x2a
 i.ll_conn_handle_direct_adv_timeout
                0x0000365c       0x2a C:\Program Files (x86)\Cypress\PSoC Creator\3.1\PSoC Creator\psoc\content\cycomponentlibrary\CyComponentLibrary.cylib\BLE_v1_20\Library\gccCyBLEStack_BLE_SOC_PERIPHERAL.a(ll_connection.o)
                0x0000365c                ll_conn_handle_direct_adv_timeout

i.ll_conn_handle_ping_timer_expired_interrupt
                0x00003688       0x1c
 i.ll_conn_handle_ping_timer_expired_interrupt
                0x00003688       0x1c C:\Program Files (x86)\Cypress\PSoC Creator\3.1\PSoC Creator\psoc\content\cycomponentlibrary\CyComponentLibrary.cylib\BLE_v1_20\Library\gccCyBLEStack_BLE_SOC_PERIPHERAL.a(ll_connection.o)
                0x00003688                ll_conn_handle_ping_timer_expired_interrupt

i.ll_conn_handle_ping_timer_nearly_expired_interrupt
                0x000036a4       0x20
 i.ll_conn_handle_ping_timer_nearly_expired_interrupt
                0x000036a4       0x20 C:\Program Files (x86)\Cypress\PSoC Creator\3.1\PSoC Creator\psoc\content\cycomponentlibrary\CyComponentLibrary.cylib\BLE_v1_20\Library\gccCyBLEStack_BLE_SOC_PERIPHERAL.a(ll_connection.o)
                0x000036a4                ll_conn_handle_ping_timer_nearly_expired_interrupt

i.ll_conn_handle_stop_connectable_adv
                0x000036c4       0x12
 i.ll_conn_handle_stop_connectable_adv
                0x000036c4       0x12 C:\Program Files (x86)\Cypress\PSoC Creator\3.1\PSoC Creator\psoc\content\cycomponentlibrary\CyComponentLibrary.cylib\BLE_v1_20\Library\gccCyBLEStack_BLE_SOC_PERIPHERAL.a(ll_connection.o)
                0x000036c4                ll_conn_handle_stop_connectable_adv

i.ll_conn_process_pending_transactions
                0x000036d6        0x4
 i.ll_conn_process_pending_transactions
                0x000036d6        0x4 C:\Program Files (x86)\Cypress\PSoC Creator\3.1\PSoC Creator\psoc\content\cycomponentlibrary\CyComponentLibrary.cylib\BLE_v1_20\Library\gccCyBLEStack_BLE_SOC_PERIPHERAL.a(ll_connection.o)
                0x000036d6                ll_conn_process_pending_transactions

i.ll_conn_program_authenticated_payload_timer
                0x000036dc       0x50
 i.ll_conn_program_authenticated_payload_timer
                0x000036dc       0x50 C:\Program Files (x86)\Cypress\PSoC Creator\3.1\PSoC Creator\psoc\content\cycomponentlibrary\CyComponentLibrary.cylib\BLE_v1_20\Library\gccCyBLEStack_BLE_SOC_PERIPHERAL.a(ll_connection.o)
                0x000036dc                ll_conn_program_authenticated_payload_timer

i.ll_conn_read_data_pdu_from_hardware
                0x0000372c       0x14
 i.ll_conn_read_data_pdu_from_hardware
                0x0000372c       0x14 C:\Program Files (x86)\Cypress\PSoC Creator\3.1\PSoC Creator\psoc\content\cycomponentlibrary\CyComponentLibrary.cylib\BLE_v1_20\Library\gccCyBLEStack_BLE_SOC_PERIPHERAL.a(ll_connection.o)
                0x0000372c                ll_conn_read_data_pdu_from_hardware

i.ll_conn_send_ping_req_pdu
                0x00003740       0x40
 i.ll_conn_send_ping_req_pdu
                0x00003740       0x40 C:\Program Files (x86)\Cypress\PSoC Creator\3.1\PSoC Creator\psoc\content\cycomponentlibrary\CyComponentLibrary.cylib\BLE_v1_20\Library\gccCyBLEStack_BLE_SOC_PERIPHERAL.a(ll_connection.o)
                0x00003740                ll_conn_send_ping_req_pdu

i.ll_conn_store_pending_tx_pdu
                0x00003780       0x1a
 i.ll_conn_store_pending_tx_pdu
                0x00003780       0x1a C:\Program Files (x86)\Cypress\PSoC Creator\3.1\PSoC Creator\psoc\content\cycomponentlibrary\CyComponentLibrary.cylib\BLE_v1_20\Library\gccCyBLEStack_BLE_SOC_PERIPHERAL.a(ll_connection.o)
                0x00003780                ll_conn_store_pending_tx_pdu

i.ll_conn_update_rssi
                0x0000379a       0x16
 i.ll_conn_update_rssi
                0x0000379a       0x16 C:\Program Files (x86)\Cypress\PSoC Creator\3.1\PSoC Creator\psoc\content\cycomponentlibrary\CyComponentLibrary.cylib\BLE_v1_20\Library\gccCyBLEStack_BLE_SOC_PERIPHERAL.a(ll_connection.o)
                0x0000379a                ll_conn_update_rssi

i.ll_convert_hci_llid_to_ll_llid_host_to_controller
                0x000037b0        0x8
 i.ll_convert_hci_llid_to_ll_llid_host_to_controller
                0x000037b0        0x8 C:\Program Files (x86)\Cypress\PSoC Creator\3.1\PSoC Creator\psoc\content\cycomponentlibrary\CyComponentLibrary.cylib\BLE_v1_20\Library\gccCyBLEStack_BLE_SOC_PERIPHERAL.a(ll_connection.o)
                0x000037b0                ll_convert_hci_llid_to_ll_llid_host_to_controller

i.ll_convert_ll_llid_to_hci_llid_controller_to_host
                0x000037b8        0x2
 i.ll_convert_ll_llid_to_hci_llid_controller_to_host
                0x000037b8        0x2 C:\Program Files (x86)\Cypress\PSoC Creator\3.1\PSoC Creator\psoc\content\cycomponentlibrary\CyComponentLibrary.cylib\BLE_v1_20\Library\gccCyBLEStack_BLE_SOC_PERIPHERAL.a(ll_connection.o)
                0x000037b8                ll_convert_ll_llid_to_hci_llid_controller_to_host

i.ll_decode_and_program_connect_req
                0x000037bc       0xec
 i.ll_decode_and_program_connect_req
                0x000037bc       0xec C:\Program Files (x86)\Cypress\PSoC Creator\3.1\PSoC Creator\psoc\content\cycomponentlibrary\CyComponentLibrary.cylib\BLE_v1_20\Library\gccCyBLEStack_BLE_SOC_PERIPHERAL.a(ll_connection.o)
                0x000037bc                ll_decode_and_program_connect_req

i.ll_enc_fsm_derive_session_key
                0x000038a8       0x46
 i.ll_enc_fsm_derive_session_key
                0x000038a8       0x46 C:\Program Files (x86)\Cypress\PSoC Creator\3.1\PSoC Creator\psoc\content\cycomponentlibrary\CyComponentLibrary.cylib\BLE_v1_20\Library\gccCyBLEStack_BLE_SOC_PERIPHERAL.a(ll_connection.o)
                0x000038a8                ll_enc_fsm_derive_session_key

i.ll_enc_handle_enc_complete
                0x000038ee       0x68
 i.ll_enc_handle_enc_complete
                0x000038ee       0x68 C:\Program Files (x86)\Cypress\PSoC Creator\3.1\PSoC Creator\psoc\content\cycomponentlibrary\CyComponentLibrary.cylib\BLE_v1_20\Library\gccCyBLEStack_BLE_SOC_PERIPHERAL.a(ll_connection.o)
                0x000038ee                ll_enc_handle_enc_complete

i.ll_enc_handle_enc_failure
                0x00003958       0xa4
 i.ll_enc_handle_enc_failure
                0x00003958       0xa4 C:\Program Files (x86)\Cypress\PSoC Creator\3.1\PSoC Creator\psoc\content\cycomponentlibrary\CyComponentLibrary.cylib\BLE_v1_20\Library\gccCyBLEStack_BLE_SOC_PERIPHERAL.a(ll_connection.o)
                0x00003958                ll_enc_handle_enc_failure

i.ll_enc_handle_ll_reject_pdu_cb
                0x000039fc       0x24
 i.ll_enc_handle_ll_reject_pdu_cb
                0x000039fc       0x24 C:\Program Files (x86)\Cypress\PSoC Creator\3.1\PSoC Creator\psoc\content\cycomponentlibrary\CyComponentLibrary.cylib\BLE_v1_20\Library\gccCyBLEStack_BLE_SOC_PERIPHERAL.a(ll_connection.o)
                0x000039fc                ll_enc_handle_ll_reject_pdu_cb

i.ll_enc_handle_ll_terminate_pdu
                0x00003a20       0x16
 i.ll_enc_handle_ll_terminate_pdu
                0x00003a20       0x16 C:\Program Files (x86)\Cypress\PSoC Creator\3.1\PSoC Creator\psoc\content\cycomponentlibrary\CyComponentLibrary.cylib\BLE_v1_20\Library\gccCyBLEStack_BLE_SOC_PERIPHERAL.a(ll_connection.o)
                0x00003a20                ll_enc_handle_ll_terminate_pdu

i.ll_enc_handle_ll_unknown_resp_pdu_cb
                0x00003a36       0x24
 i.ll_enc_handle_ll_unknown_resp_pdu_cb
                0x00003a36       0x24 C:\Program Files (x86)\Cypress\PSoC Creator\3.1\PSoC Creator\psoc\content\cycomponentlibrary\CyComponentLibrary.cylib\BLE_v1_20\Library\gccCyBLEStack_BLE_SOC_PERIPHERAL.a(ll_connection.o)
                0x00003a36                ll_enc_handle_ll_unknown_resp_pdu_cb

i.ll_enc_handle_slave_await_to_start_cb
                0x00003a5c       0x80
 i.ll_enc_handle_slave_await_to_start_cb
                0x00003a5c       0x80 C:\Program Files (x86)\Cypress\PSoC Creator\3.1\PSoC Creator\psoc\content\cycomponentlibrary\CyComponentLibrary.cylib\BLE_v1_20\Library\gccCyBLEStack_BLE_SOC_PERIPHERAL.a(ll_connection.o)
                0x00003a5c                ll_enc_handle_slave_await_to_start_cb

i.ll_enc_handle_slave_enc_resp_ack_cb
                0x00003adc       0x28
 i.ll_enc_handle_slave_enc_resp_ack_cb
                0x00003adc       0x28 C:\Program Files (x86)\Cypress\PSoC Creator\3.1\PSoC Creator\psoc\content\cycomponentlibrary\CyComponentLibrary.cylib\BLE_v1_20\Library\gccCyBLEStack_BLE_SOC_PERIPHERAL.a(ll_connection.o)
                0x00003adc                ll_enc_handle_slave_enc_resp_ack_cb

i.ll_enc_handle_slave_ltk_neg_reply_cb
                0x00003b04       0x60
 i.ll_enc_handle_slave_ltk_neg_reply_cb
                0x00003b04       0x60 C:\Program Files (x86)\Cypress\PSoC Creator\3.1\PSoC Creator\psoc\content\cycomponentlibrary\CyComponentLibrary.cylib\BLE_v1_20\Library\gccCyBLEStack_BLE_SOC_PERIPHERAL.a(ll_connection.o)
                0x00003b04                ll_enc_handle_slave_ltk_neg_reply_cb

i.ll_enc_handle_slave_pause_enc_req_cb
                0x00003b64       0x46
 i.ll_enc_handle_slave_pause_enc_req_cb
                0x00003b64       0x46 C:\Program Files (x86)\Cypress\PSoC Creator\3.1\PSoC Creator\psoc\content\cycomponentlibrary\CyComponentLibrary.cylib\BLE_v1_20\Library\gccCyBLEStack_BLE_SOC_PERIPHERAL.a(ll_connection.o)
                0x00003b64                ll_enc_handle_slave_pause_enc_req_cb

i.ll_enc_handle_slave_pause_enc_resp_cb
                0x00003baa       0x10
 i.ll_enc_handle_slave_pause_enc_resp_cb
                0x00003baa       0x10 C:\Program Files (x86)\Cypress\PSoC Creator\3.1\PSoC Creator\psoc\content\cycomponentlibrary\CyComponentLibrary.cylib\BLE_v1_20\Library\gccCyBLEStack_BLE_SOC_PERIPHERAL.a(ll_connection.o)
                0x00003baa                ll_enc_handle_slave_pause_enc_resp_cb

i.ll_enc_handle_slave_reject_ind_ack_cb
                0x00003bba       0x22
 i.ll_enc_handle_slave_reject_ind_ack_cb
                0x00003bba       0x22 C:\Program Files (x86)\Cypress\PSoC Creator\3.1\PSoC Creator\psoc\content\cycomponentlibrary\CyComponentLibrary.cylib\BLE_v1_20\Library\gccCyBLEStack_BLE_SOC_PERIPHERAL.a(ll_connection.o)
                0x00003bba                ll_enc_handle_slave_reject_ind_ack_cb

i.ll_enc_handle_slave_start_enc_resp_ack_cb
                0x00003bdc        0x8
 i.ll_enc_handle_slave_start_enc_resp_ack_cb
                0x00003bdc        0x8 C:\Program Files (x86)\Cypress\PSoC Creator\3.1\PSoC Creator\psoc\content\cycomponentlibrary\CyComponentLibrary.cylib\BLE_v1_20\Library\gccCyBLEStack_BLE_SOC_PERIPHERAL.a(ll_connection.o)
                0x00003bdc                ll_enc_handle_slave_start_enc_resp_ack_cb

i.ll_enc_handle_slave_start_enc_resp_cb
                0x00003be4       0x34
 i.ll_enc_handle_slave_start_enc_resp_cb
                0x00003be4       0x34 C:\Program Files (x86)\Cypress\PSoC Creator\3.1\PSoC Creator\psoc\content\cycomponentlibrary\CyComponentLibrary.cylib\BLE_v1_20\Library\gccCyBLEStack_BLE_SOC_PERIPHERAL.a(ll_connection.o)
                0x00003be4                ll_enc_handle_slave_start_enc_resp_cb

i.ll_enc_send_start_encryption_request
                0x00003c18       0x38
 i.ll_enc_send_start_encryption_request
                0x00003c18       0x38 C:\Program Files (x86)\Cypress\PSoC Creator\3.1\PSoC Creator\psoc\content\cycomponentlibrary\CyComponentLibrary.cylib\BLE_v1_20\Library\gccCyBLEStack_BLE_SOC_PERIPHERAL.a(ll_connection.o)
                0x00003c18                ll_enc_send_start_encryption_request

i.ll_extract_pdu_opcode
                0x00003c50        0x4
 i.ll_extract_pdu_opcode
                0x00003c50        0x4 C:\Program Files (x86)\Cypress\PSoC Creator\3.1\PSoC Creator\psoc\content\cycomponentlibrary\CyComponentLibrary.cylib\BLE_v1_20\Library\gccCyBLEStack_BLE_SOC_PERIPHERAL.a(ll_connection.o)
                0x00003c50                ll_extract_pdu_opcode

i.ll_fsm_handle_conn_established_ind
                0x00003c54       0x7c
 i.ll_fsm_handle_conn_established_ind
                0x00003c54       0x7c C:\Program Files (x86)\Cypress\PSoC Creator\3.1\PSoC Creator\psoc\content\cycomponentlibrary\CyComponentLibrary.cylib\BLE_v1_20\Library\gccCyBLEStack_BLE_SOC_PERIPHERAL.a(ll_connection.o)
                0x00003c54                ll_fsm_handle_conn_established_ind

i.ll_fsm_handle_conn_failure_ind
                0x00003cd0        0xc
 i.ll_fsm_handle_conn_failure_ind
                0x00003cd0        0xc C:\Program Files (x86)\Cypress\PSoC Creator\3.1\PSoC Creator\psoc\content\cycomponentlibrary\CyComponentLibrary.cylib\BLE_v1_20\Library\gccCyBLEStack_BLE_SOC_PERIPHERAL.a(ll_connection.o)
                0x00003cd0                ll_fsm_handle_conn_failure_ind

i.ll_fsm_handle_disconnecting_state
                0x00003cdc       0x16
 i.ll_fsm_handle_disconnecting_state
                0x00003cdc       0x16 C:\Program Files (x86)\Cypress\PSoC Creator\3.1\PSoC Creator\psoc\content\cycomponentlibrary\CyComponentLibrary.cylib\BLE_v1_20\Library\gccCyBLEStack_BLE_SOC_PERIPHERAL.a(ll_connection.o)
                0x00003cdc                ll_fsm_handle_disconnecting_state

i.ll_fsm_handle_end_of_conn_interval
                0x00003cf4       0x30
 i.ll_fsm_handle_end_of_conn_interval
                0x00003cf4       0x30 C:\Program Files (x86)\Cypress\PSoC Creator\3.1\PSoC Creator\psoc\content\cycomponentlibrary\CyComponentLibrary.cylib\BLE_v1_20\Library\gccCyBLEStack_BLE_SOC_PERIPHERAL.a(ll_connection.o)
                0x00003cf4                ll_fsm_handle_end_of_conn_interval

i.ll_fsm_handle_pdu_response_timeout
                0x00003d24       0x20
 i.ll_fsm_handle_pdu_response_timeout
                0x00003d24       0x20 C:\Program Files (x86)\Cypress\PSoC Creator\3.1\PSoC Creator\psoc\content\cycomponentlibrary\CyComponentLibrary.cylib\BLE_v1_20\Library\gccCyBLEStack_BLE_SOC_PERIPHERAL.a(ll_connection.o)
                0x00003d24                ll_fsm_handle_pdu_response_timeout

i.ll_fsm_handle_sup_timeout_ind
                0x00003d44       0x22
 i.ll_fsm_handle_sup_timeout_ind
                0x00003d44       0x22 C:\Program Files (x86)\Cypress\PSoC Creator\3.1\PSoC Creator\psoc\content\cycomponentlibrary\CyComponentLibrary.cylib\BLE_v1_20\Library\gccCyBLEStack_BLE_SOC_PERIPHERAL.a(ll_connection.o)
                0x00003d44                ll_fsm_handle_sup_timeout_ind

i.ll_fsm_move_to_disconnected_state
                0x00003d66       0x94
 i.ll_fsm_move_to_disconnected_state
                0x00003d66       0x94 C:\Program Files (x86)\Cypress\PSoC Creator\3.1\PSoC Creator\psoc\content\cycomponentlibrary\CyComponentLibrary.cylib\BLE_v1_20\Library\gccCyBLEStack_BLE_SOC_PERIPHERAL.a(ll_connection.o)
                0x00003d66                ll_fsm_move_to_disconnected_state

i.ll_generate_connection_complete